2026-05-12 00:20:04.498 [HikariPool-1:housekeeper] WARN  com.zaxxer.hikari.pool.HikariPool - HikariPool-1 - Thread starvation or clock leap detected (housekeeper delta=9m5s82ms989µs900ns).
2026-05-12 08:33:18.551 [HikariPool-1:housekeeper] WARN  com.zaxxer.hikari.pool.HikariPool - HikariPool-1 - Thread starvation or clock leap detected (housekeeper delta=8h13m14s53ms570µs100ns).
2026-05-12 08:46:02.782 [SpringApplicationShutdownHook] INFO  com.zaxxer.hikari.HikariDataSource - HikariPool-1 - Shutdown initiated...
2026-05-12 08:46:02.782 [SpringApplicationShutdownHook] INFO  com.zaxxer.hikari.HikariDataSource - HikariPool-1 - Shutdown completed.
2026-05-12 08:46:07.727 [restartedMain] INFO  c.H.HospitalManagementApplication - Starting HospitalManagementApplication using Java 21 with PID 31164 (C:\Users\2492206\Downloads\HospitalManagement-Git\target\classes started by 2492206 in C:\Users\2492206\Downloads\HospitalManagement-Git)
2026-05-12 08:46:07.727 [restartedMain] DEBUG c.H.HospitalManagementApplication - Running with Spring Boot v4.0.5, Spring v7.0.6
2026-05-12 08:46:07.727 [restartedMain] INFO  c.H.HospitalManagementApplication - No active profile set, falling back to 1 default profile: "default"
2026-05-12 08:46:09.441 [restartedMain] INFO  o.a.coyote.http11.Http11NioProtocol - Initializing ProtocolHandler ["http-nio-8081"]
2026-05-12 08:46:09.443 [restartedMain] INFO  o.a.catalina.core.StandardService - Starting service [Tomcat]
2026-05-12 08:46:09.443 [restartedMain] INFO  o.a.catalina.core.StandardEngine - Starting Servlet engine: [Apache Tomcat/11.0.20]
2026-05-12 08:46:09.611 [restartedMain] INFO  com.zaxxer.hikari.HikariDataSource - HikariPool-1 - Starting...
2026-05-12 08:46:09.948 [restartedMain] INFO  com.zaxxer.hikari.pool.HikariPool - HikariPool-1 - Added connection com.mysql.cj.jdbc.ConnectionImpl@7f20a1dd
2026-05-12 08:46:09.960 [restartedMain] INFO  com.zaxxer.hikari.HikariDataSource - HikariPool-1 - Start completed.
2026-05-12 08:46:10.740 [restartedMain] WARN  org.hibernate.orm.deprecation - HHH90000025: MySQLDialect does not need to be specified explicitly using 'hibernate.dialect' (remove the property setting and it will be selected by default)
2026-05-12 08:46:12.212 [restartedMain] DEBUG c.H.config.AuthenticationFilter - Filter 'authenticationFilter' configured for use
2026-05-12 08:46:12.337 [restartedMain] INFO  o.s.s.c.a.a.c.InitializeAuthenticationProviderBeanManagerConfigurer$InitializeAuthenticationProviderManagerConfigurer - Global AuthenticationManager configured with AuthenticationProvider bean with name authenticationProvider
2026-05-12 08:46:12.337 [restartedMain] WARN  o.s.s.c.a.a.c.InitializeUserDetailsBeanManagerConfigurer$InitializeUserDetailsManagerConfigurer - Global AuthenticationManager configured with an AuthenticationProvider bean. UserDetailsService beans will not be used by Spring Security for automatically configuring username/password login. Consider removing the AuthenticationProvider bean. Alternatively, consider using the UserDetailsService in a manually instantiated DaoAuthenticationProvider. If the current configuration is intentional, to turn off this warning, increase the logging level of 'org.springframework.security.config.annotation.authentication.configuration.InitializeUserDetailsBeanManagerConfigurer' to ERROR
2026-05-12 08:46:12.688 [restartedMain] WARN  o.s.b.j.a.JpaBaseConfiguration$JpaWebConfiguration - spring.jpa.open-in-view is enabled by default. Therefore, database queries may be performed during view rendering. Explicitly configure spring.jpa.open-in-view to disable this warning
2026-05-12 08:46:13.049 [restartedMain] WARN  o.s.w.s.m.m.a.RequestMappingHandlerMapping - Multiple @RequestMapping annotations found on public com.HospitalManagement.responsedto.LabOrderResponseDto com.HospitalManagement.controller.LabController.cancelOrder(java.lang.Long), but only the first will be used: [@org.springframework.web.bind.annotation.DeleteMapping(consumes={}, headers={}, name="", params={}, path={"/orders/{labOrderId}"}, produces={}, value={"/orders/{labOrderId}"}, version=""), @org.springframework.web.bind.annotation.PatchMapping(consumes={}, headers={}, name="", params={}, path={"/lab-orders/{labOrderId}/cancel"}, produces={}, value={"/lab-orders/{labOrderId}/cancel"}, version="")]
2026-05-12 08:46:13.483 [restartedMain] INFO  o.a.coyote.http11.Http11NioProtocol - Starting ProtocolHandler ["http-nio-8081"]
2026-05-12 08:46:13.514 [restartedMain] INFO  c.H.HospitalManagementApplication - Started HospitalManagementApplication in 6.143 seconds (process running for 6.903)
2026-05-12 08:46:13.578 [restartedMain] WARN  o.s.c.events.SpringDocAppInitializer - SpringDoc /v3/api-docs endpoint is enabled by default. To disable it in production, set the property 'springdoc.api-docs.enabled=false'
2026-05-12 08:46:13.578 [restartedMain] WARN  o.s.c.events.SpringDocAppInitializer - SpringDoc /swagger-ui.html endpoint is enabled by default. To disable it in production, set the property 'springdoc.swagger-ui.enabled=false'
2026-05-12 08:46:22.783 [http-nio-8081-exec-1] INFO  o.a.c.c.C.[Tomcat].[localhost].[/] - Initializing Spring DispatcherServlet 'dispatcherServlet'
2026-05-12 08:46:22.783 [http-nio-8081-exec-1] INFO  o.s.web.servlet.DispatcherServlet - Initializing Servlet 'dispatcherServlet'
2026-05-12 08:46:22.786 [http-nio-8081-exec-1] INFO  o.s.web.servlet.DispatcherServlet - Completed initialization in 3 ms
2026-05-12 08:46:22.981 [http-nio-8081-exec-1] INFO  c.H.service.AuthService - Attempting authentication for user with email: Selva@clinicflow.com
2026-05-12 08:46:23.741 [http-nio-8081-exec-1] DEBUG org.hibernate.SQL - select u1_0.user_id,u1_0.created_at,u1_0.email,u1_0.name,u1_0.password,u1_0.phone,u1_0.role,u1_0.status,u1_0.updated_at from users u1_0 where u1_0.email=?
2026-05-12 08:46:23.908 [http-nio-8081-exec-1] DEBUG org.hibernate.SQL - select u1_0.user_id,u1_0.created_at,u1_0.email,u1_0.name,u1_0.password,u1_0.phone,u1_0.role,u1_0.status,u1_0.updated_at from users u1_0 where u1_0.email=?
2026-05-12 08:46:23.989 [http-nio-8081-exec-1] INFO  c.H.service.AuthService - User authenticated successfully - Email: Selva@clinicflow.com, Role: CLINICIAN
2026-05-12 08:46:51.018 [http-nio-8081-exec-3] DEBUG org.hibernate.SQL - select u1_0.user_id,u1_0.created_at,u1_0.email,u1_0.name,u1_0.password,u1_0.phone,u1_0.role,u1_0.status,u1_0.updated_at from users u1_0 where u1_0.email=?
2026-05-12 08:46:51.041 [http-nio-8081-exec-3] DEBUG c.H.service.EncounterService - Fetching all encounters
2026-05-12 08:46:51.064 [http-nio-8081-exec-3] DEBUG org.hibernate.SQL - select e1_0.encounter_id,e1_0.chief_complaint,e1_0.clinician_id,e1_0.diagnoses_json,e1_0.end_at,e1_0.notes_json,e1_0.orders_json,e1_0.patient_id,e1_0.prescriptions_json,e1_0.signed_at,e1_0.signed_by,e1_0.start_at,e1_0.status,e1_0.visit_type,e1_0.vitals_json from encounters e1_0
2026-05-12 08:46:51.080 [http-nio-8081-exec-3] DEBUG org.hibernate.SQL - select p1_0.patient_id,p1_0.address_json,p1_0.contact_info_json,p1_0.created_at,p1_0.dob,p1_0.gender,p1_0.insurance_id,p1_0.mrn,p1_0.name,p1_0.primary_contact,p1_0.status,p1_0.updated_at,p1_0.version from patients p1_0 where p1_0.patient_id=?
2026-05-12 08:46:51.090 [http-nio-8081-exec-3] DEBUG org.hibernate.SQL - select u1_0.user_id,u1_0.created_at,u1_0.email,u1_0.name,u1_0.password,u1_0.phone,u1_0.role,u1_0.status,u1_0.updated_at from users u1_0 where u1_0.user_id=?
2026-05-12 08:46:51.093 [http-nio-8081-exec-3] INFO  c.H.service.EncounterService - Retrieved 1 encounters
2026-05-12 08:48:43.026 [http-nio-8081-exec-10] ERROR o.a.c.c.C.[.[.[.[dispatcherServlet] - Servlet.service() for servlet [dispatcherServlet] in context with path [] threw exception
io.jsonwebtoken.security.SignatureException: JWT signature does not match locally computed signature. JWT validity cannot be asserted and should not be trusted.
	at io.jsonwebtoken.impl.DefaultJwtParser.parse(DefaultJwtParser.java:399)
	at io.jsonwebtoken.impl.DefaultJwtParser.parse(DefaultJwtParser.java:529)
	at io.jsonwebtoken.impl.DefaultJwtParser.parseClaimsJws(DefaultJwtParser.java:589)
	at io.jsonwebtoken.impl.ImmutableJwtParser.parseClaimsJws(ImmutableJwtParser.java:173)
	at com.HospitalManagement.service.JwtService.extractAllClaims(JwtService.java:61)
	at com.HospitalManagement.service.JwtService.extractUsername(JwtService.java:49)
	at com.HospitalManagement.config.AuthenticationFilter.doFilterInternal(AuthenticationFilter.java:41)
	at org.springframework.web.filter.OncePerRequestFilter.doFilter(OncePerRequestFilter.java:116)
	at org.springframework.security.web.ObservationFilterChainDecorator$ObservationFilter.wrapFilter(ObservationFilterChainDecorator.java:244)
	at org.springframework.security.web.ObservationFilterChainDecorator$ObservationFilter.doFilter(ObservationFilterChainDecorator.java:231)
	at org.springframework.security.web.ObservationFilterChainDecorator$VirtualFilterChain.doFilter(ObservationFilterChainDecorator.java:141)
	at org.springframework.security.web.authentication.logout.LogoutFilter.doFilter(LogoutFilter.java:110)
	at org.springframework.security.web.authentication.logout.LogoutFilter.doFilter(LogoutFilter.java:96)
	at org.springframework.security.web.ObservationFilterChainDecorator$ObservationFilter.wrapFilter(ObservationFilterChainDecorator.java:244)
	at org.springframework.security.web.ObservationFilterChainDecorator$ObservationFilter.doFilter(ObservationFilterChainDecorator.java:231)
	at org.springframework.security.web.ObservationFilterChainDecorator$VirtualFilterChain.doFilter(ObservationFilterChainDecorator.java:141)
	at org.springframework.web.filter.CorsFilter.doFilterInternal(CorsFilter.java:91)
	at org.springframework.web.filter.OncePerRequestFilter.doFilter(OncePerRequestFilter.java:116)
	at org.springframework.security.web.ObservationFilterChainDecorator$ObservationFilter.wrapFilter(ObservationFilterChainDecorator.java:244)
	at org.springframework.security.web.ObservationFilterChainDecorator$ObservationFilter.doFilter(ObservationFilterChainDecorator.java:231)
	at org.springframework.security.web.ObservationFilterChainDecorator$VirtualFilterChain.doFilter(ObservationFilterChainDecorator.java:141)
	at org.springframework.security.web.header.HeaderWriterFilter.doHeadersAfter(HeaderWriterFilter.java:90)
	at org.springframework.security.web.header.HeaderWriterFilter.doFilterInternal(HeaderWriterFilter.java:75)
	at org.springframework.web.filter.OncePerRequestFilter.doFilter(OncePerRequestFilter.java:116)
	at org.springframework.security.web.ObservationFilterChainDecorator$ObservationFilter.wrapFilter(ObservationFilterChainDecorator.java:244)
	at org.springframework.security.web.ObservationFilterChainDecorator$ObservationFilter.doFilter(ObservationFilterChainDecorator.java:231)
	at org.springframework.security.web.ObservationFilterChainDecorator$VirtualFilterChain.doFilter(ObservationFilterChainDecorator.java:141)
	at org.springframework.security.web.context.SecurityContextHolderFilter.doFilter(SecurityContextHolderFilter.java:82)
	at org.springframework.security.web.context.SecurityContextHolderFilter.doFilter(SecurityContextHolderFilter.java:69)
	at org.springframework.security.web.ObservationFilterChainDecorator$ObservationFilter.wrapFilter(ObservationFilterChainDecorator.java:244)
	at org.springframework.security.web.ObservationFilterChainDecorator$ObservationFilter.doFilter(ObservationFilterChainDecorator.java:231)
	at org.springframework.security.web.ObservationFilterChainDecorator$VirtualFilterChain.doFilter(ObservationFilterChainDecorator.java:141)
	at org.springframework.security.web.context.request.async.WebAsyncManagerIntegrationFilter.doFilterInternal(WebAsyncManagerIntegrationFilter.java:62)
	at org.springframework.web.filter.OncePerRequestFilter.doFilter(OncePerRequestFilter.java:116)
	at org.springframework.security.web.ObservationFilterChainDecorator$ObservationFilter.wrapFilter(ObservationFilterChainDecorator.java:244)
	at org.springframework.security.web.ObservationFilterChainDecorator$ObservationFilter.doFilter(ObservationFilterChainDecorator.java:231)
	at org.springframework.security.web.ObservationFilterChainDecorator$VirtualFilterChain.doFilter(ObservationFilterChainDecorator.java:141)
	at org.springframework.security.web.session.DisableEncodeUrlFilter.doFilterInternal(DisableEncodeUrlFilter.java:42)
	at org.springframework.web.filter.OncePerRequestFilter.doFilter(OncePerRequestFilter.java:116)
	at org.springframework.security.web.ObservationFilterChainDecorator$ObservationFilter.wrapFilter(ObservationFilterChainDecorator.java:244)
	at org.springframework.security.web.ObservationFilterChainDecorator$AroundFilterObservation$SimpleAroundFilterObservation.lambda$wrap$0(ObservationFilterChainDecorator.java:337)
	at org.springframework.security.web.ObservationFilterChainDecorator$ObservationFilter.doFilter(ObservationFilterChainDecorator.java:228)
	at org.springframework.security.web.ObservationFilterChainDecorator$VirtualFilterChain.doFilter(ObservationFilterChainDecorator.java:141)
	at org.springframework.security.web.FilterChainProxy.doFilterInternal(FilterChainProxy.java:237)
	at org.springframework.security.web.FilterChainProxy.doFilter(FilterChainProxy.java:195)
	at org.springframework.web.filter.CompositeFilter$VirtualFilterChain.doFilter(CompositeFilter.java:113)
	at org.springframework.web.filter.ServletRequestPathFilter.doFilter(ServletRequestPathFilter.java:52)
	at org.springframework.web.filter.CompositeFilter$VirtualFilterChain.doFilter(CompositeFilter.java:113)
	at org.springframework.web.filter.CompositeFilter.doFilter(CompositeFilter.java:74)
	at org.springframework.security.config.annotation.web.configuration.WebSecurityConfiguration$CompositeFilterChainProxy.doFilter(WebSecurityConfiguration.java:317)
	at org.springframework.web.filter.DelegatingFilterProxy.invokeDelegate(DelegatingFilterProxy.java:355)
	at org.springframework.web.filter.DelegatingFilterProxy.doFilter(DelegatingFilterProxy.java:272)
	at org.apache.catalina.core.ApplicationFilterChain.doFilter(ApplicationFilterChain.java:107)
	at org.springframework.web.filter.RequestContextFilter.doFilterInternal(RequestContextFilter.java:100)
	at org.springframework.web.filter.OncePerRequestFilter.doFilter(OncePerRequestFilter.java:116)
	at org.apache.catalina.core.ApplicationFilterChain.doFilter(ApplicationFilterChain.java:107)
	at org.springframework.web.filter.FormContentFilter.doFilterInternal(FormContentFilter.java:93)
	at org.springframework.web.filter.OncePerRequestFilter.doFilter(OncePerRequestFilter.java:116)
	at org.apache.catalina.core.ApplicationFilterChain.doFilter(ApplicationFilterChain.java:107)
	at org.springframework.web.filter.ServerHttpObservationFilter.doFilterInternal(ServerHttpObservationFilter.java:110)
	at org.springframework.web.filter.OncePerRequestFilter.doFilter(OncePerRequestFilter.java:116)
	at org.apache.catalina.core.ApplicationFilterChain.doFilter(ApplicationFilterChain.java:107)
	at org.springframework.web.filter.CharacterEncodingFilter.doFilterInternal(CharacterEncodingFilter.java:199)
	at org.springframework.web.filter.OncePerRequestFilter.doFilter(OncePerRequestFilter.java:116)
	at org.apache.catalina.core.ApplicationFilterChain.doFilter(ApplicationFilterChain.java:107)
	at org.apache.catalina.core.StandardWrapperValve.invoke(StandardWrapperValve.java:165)
	at org.apache.catalina.core.StandardContextValve.invoke(StandardContextValve.java:77)
	at org.apache.catalina.authenticator.AuthenticatorBase.invoke(AuthenticatorBase.java:492)
	at org.apache.catalina.core.StandardHostValve.invoke(StandardHostValve.java:113)
	at org.apache.catalina.valves.ErrorReportValve.invoke(ErrorReportValve.java:83)
	at org.apache.catalina.core.StandardEngineValve.invoke(StandardEngineValve.java:72)
	at org.apache.catalina.connector.CoyoteAdapter.service(CoyoteAdapter.java:341)
	at org.apache.coyote.http11.Http11Processor.service(Http11Processor.java:397)
	at org.apache.coyote.AbstractProcessorLight.process(AbstractProcessorLight.java:63)
	at org.apache.coyote.AbstractProtocol$ConnectionHandler.process(AbstractProtocol.java:903)
	at org.apache.tomcat.util.net.NioEndpoint$SocketProcessor.doRun(NioEndpoint.java:1779)
	at org.apache.tomcat.util.net.SocketProcessorBase.run(SocketProcessorBase.java:52)
	at org.apache.tomcat.util.threads.ThreadPoolExecutor.runWorker(ThreadPoolExecutor.java:946)
	at org.apache.tomcat.util.threads.ThreadPoolExecutor$Worker.run(ThreadPoolExecutor.java:480)
	at org.apache.tomcat.util.threads.TaskThread$WrappingRunnable.run(TaskThread.java:57)
	at java.base/java.lang.Thread.run(Thread.java:1583)
2026-05-12 08:48:56.080 [http-nio-8081-exec-8] DEBUG org.hibernate.SQL - select u1_0.user_id,u1_0.created_at,u1_0.email,u1_0.name,u1_0.password,u1_0.phone,u1_0.role,u1_0.status,u1_0.updated_at from users u1_0 where u1_0.email=?
2026-05-12 08:48:56.184 [http-nio-8081-exec-8] INFO  c.H.service.PrescriptionService - Creating prescription for PatientID=1, EncounterID=1
2026-05-12 08:48:56.188 [http-nio-8081-exec-8] DEBUG org.hibernate.SQL - select e1_0.encounter_id,e1_0.chief_complaint,e1_0.clinician_id,e1_0.diagnoses_json,e1_0.end_at,e1_0.notes_json,e1_0.orders_json,e1_0.patient_id,e1_0.prescriptions_json,e1_0.signed_at,e1_0.signed_by,e1_0.start_at,e1_0.status,e1_0.visit_type,e1_0.vitals_json from encounters e1_0 where e1_0.encounter_id=?
2026-05-12 08:48:56.193 [http-nio-8081-exec-8] DEBUG org.hibernate.SQL - select p1_0.patient_id,p1_0.address_json,p1_0.contact_info_json,p1_0.created_at,p1_0.dob,p1_0.gender,p1_0.insurance_id,p1_0.mrn,p1_0.name,p1_0.primary_contact,p1_0.status,p1_0.updated_at,p1_0.version from patients p1_0 where p1_0.patient_id=?
2026-05-12 08:48:56.196 [http-nio-8081-exec-8] DEBUG org.hibernate.SQL - select mm1_0.med_id,mm1_0.atc_code,mm1_0.code,mm1_0.controlled_flag,mm1_0.formulation,mm1_0.name,mm1_0.status,mm1_0.strength from medication_master mm1_0 where mm1_0.med_id=?
2026-05-12 08:48:56.212 [http-nio-8081-exec-8] DEBUG org.hibernate.SQL - select u1_0.user_id,u1_0.created_at,u1_0.email,u1_0.name,u1_0.password,u1_0.phone,u1_0.role,u1_0.status,u1_0.updated_at from users u1_0 where u1_0.email=?
2026-05-12 08:48:56.234 [http-nio-8081-exec-8] DEBUG org.hibernate.SQL - insert into prescriptions (clinician_id,dosage,duration_days,encounter_id,frequency,issued_at,med_id,notes,patient_id,quantity,repeats,route,status) values (?,?,?,?,?,?,?,?,?,?,?,?,?)
2026-05-12 08:49:37.252 [http-nio-8081-exec-9] ERROR o.a.c.c.C.[.[.[.[dispatcherServlet] - Servlet.service() for servlet [dispatcherServlet] in context with path [] threw exception
io.jsonwebtoken.security.SignatureException: JWT signature does not match locally computed signature. JWT validity cannot be asserted and should not be trusted.
	at io.jsonwebtoken.impl.DefaultJwtParser.parse(DefaultJwtParser.java:399)
	at io.jsonwebtoken.impl.DefaultJwtParser.parse(DefaultJwtParser.java:529)
	at io.jsonwebtoken.impl.DefaultJwtParser.parseClaimsJws(DefaultJwtParser.java:589)
	at io.jsonwebtoken.impl.ImmutableJwtParser.parseClaimsJws(ImmutableJwtParser.java:173)
	at com.HospitalManagement.service.JwtService.extractAllClaims(JwtService.java:61)
	at com.HospitalManagement.service.JwtService.extractUsername(JwtService.java:49)
	at com.HospitalManagement.config.AuthenticationFilter.doFilterInternal(AuthenticationFilter.java:41)
	at org.springframework.web.filter.OncePerRequestFilter.doFilter(OncePerRequestFilter.java:116)
	at org.springframework.security.web.ObservationFilterChainDecorator$ObservationFilter.wrapFilter(ObservationFilterChainDecorator.java:244)
	at org.springframework.security.web.ObservationFilterChainDecorator$ObservationFilter.doFilter(ObservationFilterChainDecorator.java:231)
	at org.springframework.security.web.ObservationFilterChainDecorator$VirtualFilterChain.doFilter(ObservationFilterChainDecorator.java:141)
	at org.springframework.security.web.authentication.logout.LogoutFilter.doFilter(LogoutFilter.java:110)
	at org.springframework.security.web.authentication.logout.LogoutFilter.doFilter(LogoutFilter.java:96)
	at org.springframework.security.web.ObservationFilterChainDecorator$ObservationFilter.wrapFilter(ObservationFilterChainDecorator.java:244)
	at org.springframework.security.web.ObservationFilterChainDecorator$ObservationFilter.doFilter(ObservationFilterChainDecorator.java:231)
	at org.springframework.security.web.ObservationFilterChainDecorator$VirtualFilterChain.doFilter(ObservationFilterChainDecorator.java:141)
	at org.springframework.web.filter.CorsFilter.doFilterInternal(CorsFilter.java:91)
	at org.springframework.web.filter.OncePerRequestFilter.doFilter(OncePerRequestFilter.java:116)
	at org.springframework.security.web.ObservationFilterChainDecorator$ObservationFilter.wrapFilter(ObservationFilterChainDecorator.java:244)
	at org.springframework.security.web.ObservationFilterChainDecorator$ObservationFilter.doFilter(ObservationFilterChainDecorator.java:231)
	at org.springframework.security.web.ObservationFilterChainDecorator$VirtualFilterChain.doFilter(ObservationFilterChainDecorator.java:141)
	at org.springframework.security.web.header.HeaderWriterFilter.doHeadersAfter(HeaderWriterFilter.java:90)
	at org.springframework.security.web.header.HeaderWriterFilter.doFilterInternal(HeaderWriterFilter.java:75)
	at org.springframework.web.filter.OncePerRequestFilter.doFilter(OncePerRequestFilter.java:116)
	at org.springframework.security.web.ObservationFilterChainDecorator$ObservationFilter.wrapFilter(ObservationFilterChainDecorator.java:244)
	at org.springframework.security.web.ObservationFilterChainDecorator$ObservationFilter.doFilter(ObservationFilterChainDecorator.java:231)
	at org.springframework.security.web.ObservationFilterChainDecorator$VirtualFilterChain.doFilter(ObservationFilterChainDecorator.java:141)
	at org.springframework.security.web.context.SecurityContextHolderFilter.doFilter(SecurityContextHolderFilter.java:82)
	at org.springframework.security.web.context.SecurityContextHolderFilter.doFilter(SecurityContextHolderFilter.java:69)
	at org.springframework.security.web.ObservationFilterChainDecorator$ObservationFilter.wrapFilter(ObservationFilterChainDecorator.java:244)
	at org.springframework.security.web.ObservationFilterChainDecorator$ObservationFilter.doFilter(ObservationFilterChainDecorator.java:231)
	at org.springframework.security.web.ObservationFilterChainDecorator$VirtualFilterChain.doFilter(ObservationFilterChainDecorator.java:141)
	at org.springframework.security.web.context.request.async.WebAsyncManagerIntegrationFilter.doFilterInternal(WebAsyncManagerIntegrationFilter.java:62)
	at org.springframework.web.filter.OncePerRequestFilter.doFilter(OncePerRequestFilter.java:116)
	at org.springframework.security.web.ObservationFilterChainDecorator$ObservationFilter.wrapFilter(ObservationFilterChainDecorator.java:244)
	at org.springframework.security.web.ObservationFilterChainDecorator$ObservationFilter.doFilter(ObservationFilterChainDecorator.java:231)
	at org.springframework.security.web.ObservationFilterChainDecorator$VirtualFilterChain.doFilter(ObservationFilterChainDecorator.java:141)
	at org.springframework.security.web.session.DisableEncodeUrlFilter.doFilterInternal(DisableEncodeUrlFilter.java:42)
	at org.springframework.web.filter.OncePerRequestFilter.doFilter(OncePerRequestFilter.java:116)
	at org.springframework.security.web.ObservationFilterChainDecorator$ObservationFilter.wrapFilter(ObservationFilterChainDecorator.java:244)
	at org.springframework.security.web.ObservationFilterChainDecorator$AroundFilterObservation$SimpleAroundFilterObservation.lambda$wrap$0(ObservationFilterChainDecorator.java:337)
	at org.springframework.security.web.ObservationFilterChainDecorator$ObservationFilter.doFilter(ObservationFilterChainDecorator.java:228)
	at org.springframework.security.web.ObservationFilterChainDecorator$VirtualFilterChain.doFilter(ObservationFilterChainDecorator.java:141)
	at org.springframework.security.web.FilterChainProxy.doFilterInternal(FilterChainProxy.java:237)
	at org.springframework.security.web.FilterChainProxy.doFilter(FilterChainProxy.java:195)
	at org.springframework.web.filter.CompositeFilter$VirtualFilterChain.doFilter(CompositeFilter.java:113)
	at org.springframework.web.filter.ServletRequestPathFilter.doFilter(ServletRequestPathFilter.java:52)
	at org.springframework.web.filter.CompositeFilter$VirtualFilterChain.doFilter(CompositeFilter.java:113)
	at org.springframework.web.filter.CompositeFilter.doFilter(CompositeFilter.java:74)
	at org.springframework.security.config.annotation.web.configuration.WebSecurityConfiguration$CompositeFilterChainProxy.doFilter(WebSecurityConfiguration.java:317)
	at org.springframework.web.filter.DelegatingFilterProxy.invokeDelegate(DelegatingFilterProxy.java:355)
	at org.springframework.web.filter.DelegatingFilterProxy.doFilter(DelegatingFilterProxy.java:272)
	at org.apache.catalina.core.ApplicationFilterChain.doFilter(ApplicationFilterChain.java:107)
	at org.springframework.web.filter.RequestContextFilter.doFilterInternal(RequestContextFilter.java:100)
	at org.springframework.web.filter.OncePerRequestFilter.doFilter(OncePerRequestFilter.java:116)
	at org.apache.catalina.core.ApplicationFilterChain.doFilter(ApplicationFilterChain.java:107)
	at org.springframework.web.filter.FormContentFilter.doFilterInternal(FormContentFilter.java:93)
	at org.springframework.web.filter.OncePerRequestFilter.doFilter(OncePerRequestFilter.java:116)
	at org.apache.catalina.core.ApplicationFilterChain.doFilter(ApplicationFilterChain.java:107)
	at org.springframework.web.filter.ServerHttpObservationFilter.doFilterInternal(ServerHttpObservationFilter.java:110)
	at org.springframework.web.filter.OncePerRequestFilter.doFilter(OncePerRequestFilter.java:116)
	at org.apache.catalina.core.ApplicationFilterChain.doFilter(ApplicationFilterChain.java:107)
	at org.springframework.web.filter.CharacterEncodingFilter.doFilterInternal(CharacterEncodingFilter.java:199)
	at org.springframework.web.filter.OncePerRequestFilter.doFilter(OncePerRequestFilter.java:116)
	at org.apache.catalina.core.ApplicationFilterChain.doFilter(ApplicationFilterChain.java:107)
	at org.apache.catalina.core.StandardWrapperValve.invoke(StandardWrapperValve.java:165)
	at org.apache.catalina.core.StandardContextValve.invoke(StandardContextValve.java:77)
	at org.apache.catalina.authenticator.AuthenticatorBase.invoke(AuthenticatorBase.java:492)
	at org.apache.catalina.core.StandardHostValve.invoke(StandardHostValve.java:113)
	at org.apache.catalina.valves.ErrorReportValve.invoke(ErrorReportValve.java:83)
	at org.apache.catalina.core.StandardEngineValve.invoke(StandardEngineValve.java:72)
	at org.apache.catalina.connector.CoyoteAdapter.service(CoyoteAdapter.java:341)
	at org.apache.coyote.http11.Http11Processor.service(Http11Processor.java:397)
	at org.apache.coyote.AbstractProcessorLight.process(AbstractProcessorLight.java:63)
	at org.apache.coyote.AbstractProtocol$ConnectionHandler.process(AbstractProtocol.java:903)
	at org.apache.tomcat.util.net.NioEndpoint$SocketProcessor.doRun(NioEndpoint.java:1779)
	at org.apache.tomcat.util.net.SocketProcessorBase.run(SocketProcessorBase.java:52)
	at org.apache.tomcat.util.threads.ThreadPoolExecutor.runWorker(ThreadPoolExecutor.java:946)
	at org.apache.tomcat.util.threads.ThreadPoolExecutor$Worker.run(ThreadPoolExecutor.java:480)
	at org.apache.tomcat.util.threads.TaskThread$WrappingRunnable.run(TaskThread.java:57)
	at java.base/java.lang.Thread.run(Thread.java:1583)
2026-05-12 08:49:45.573 [http-nio-8081-exec-2] DEBUG org.hibernate.SQL - select u1_0.user_id,u1_0.created_at,u1_0.email,u1_0.name,u1_0.password,u1_0.phone,u1_0.role,u1_0.status,u1_0.updated_at from users u1_0 where u1_0.email=?
2026-05-12 08:49:45.585 [http-nio-8081-exec-2] INFO  c.H.service.PrescriptionService - Updating prescription RxID=1, NewStatus=ISSUED
2026-05-12 08:49:45.586 [http-nio-8081-exec-2] DEBUG org.hibernate.SQL - select p1_0.rx_id,p1_0.clinician_id,p1_0.dosage,p1_0.duration_days,p1_0.encounter_id,p1_0.frequency,p1_0.issued_at,p1_0.med_id,p1_0.notes,p1_0.patient_id,p1_0.quantity,p1_0.repeats,p1_0.route,p1_0.status from prescriptions p1_0 where p1_0.rx_id=?
2026-05-12 08:49:45.593 [http-nio-8081-exec-2] DEBUG org.hibernate.SQL - select u1_0.user_id,u1_0.created_at,u1_0.email,u1_0.name,u1_0.password,u1_0.phone,u1_0.role,u1_0.status,u1_0.updated_at from users u1_0 where u1_0.email=?
2026-05-12 08:49:45.599 [http-nio-8081-exec-2] DEBUG org.hibernate.SQL - select p1_0.patient_id,p1_0.address_json,p1_0.contact_info_json,p1_0.created_at,p1_0.dob,p1_0.gender,p1_0.insurance_id,p1_0.mrn,p1_0.name,p1_0.primary_contact,p1_0.status,p1_0.updated_at,p1_0.version from patients p1_0 where p1_0.patient_id=?
2026-05-12 08:49:45.601 [http-nio-8081-exec-2] DEBUG org.hibernate.SQL - select mm1_0.med_id,mm1_0.atc_code,mm1_0.code,mm1_0.controlled_flag,mm1_0.formulation,mm1_0.name,mm1_0.status,mm1_0.strength from medication_master mm1_0 where mm1_0.med_id=?
2026-05-12 08:49:45.609 [http-nio-8081-exec-2] DEBUG org.hibernate.SQL - update prescriptions set clinician_id=?,dosage=?,duration_days=?,encounter_id=?,frequency=?,issued_at=?,med_id=?,notes=?,patient_id=?,quantity=?,repeats=?,route=?,status=? where rx_id=?
2026-05-12 08:51:10.007 [http-nio-8081-exec-5] DEBUG org.hibernate.SQL - select u1_0.user_id,u1_0.created_at,u1_0.email,u1_0.name,u1_0.password,u1_0.phone,u1_0.role,u1_0.status,u1_0.updated_at from users u1_0 where u1_0.email=?
2026-05-12 08:51:10.019 [http-nio-8081-exec-5] DEBUG c.H.service.PrescriptionService - Fetching all prescriptions
2026-05-12 08:51:10.021 [http-nio-8081-exec-5] DEBUG org.hibernate.SQL - select p1_0.rx_id,p1_0.clinician_id,p1_0.dosage,p1_0.duration_days,p1_0.encounter_id,p1_0.frequency,p1_0.issued_at,p1_0.med_id,p1_0.notes,p1_0.patient_id,p1_0.quantity,p1_0.repeats,p1_0.route,p1_0.status from prescriptions p1_0
2026-05-12 08:51:10.026 [http-nio-8081-exec-5] DEBUG org.hibernate.SQL - select p1_0.patient_id,p1_0.address_json,p1_0.contact_info_json,p1_0.created_at,p1_0.dob,p1_0.gender,p1_0.insurance_id,p1_0.mrn,p1_0.name,p1_0.primary_contact,p1_0.status,p1_0.updated_at,p1_0.version from patients p1_0 where p1_0.patient_id=?
2026-05-12 08:51:10.029 [http-nio-8081-exec-5] DEBUG org.hibernate.SQL - select u1_0.user_id,u1_0.created_at,u1_0.email,u1_0.name,u1_0.password,u1_0.phone,u1_0.role,u1_0.status,u1_0.updated_at from users u1_0 where u1_0.user_id=?
2026-05-12 08:51:10.031 [http-nio-8081-exec-5] DEBUG org.hibernate.SQL - select mm1_0.med_id,mm1_0.atc_code,mm1_0.code,mm1_0.controlled_flag,mm1_0.formulation,mm1_0.name,mm1_0.status,mm1_0.strength from medication_master mm1_0 where mm1_0.med_id=?
2026-05-12 08:51:49.438 [http-nio-8081-exec-7] DEBUG org.hibernate.SQL - select u1_0.user_id,u1_0.created_at,u1_0.email,u1_0.name,u1_0.password,u1_0.phone,u1_0.role,u1_0.status,u1_0.updated_at from users u1_0 where u1_0.email=?
2026-05-12 08:51:49.446 [http-nio-8081-exec-7] DEBUG c.H.service.EncounterService - Fetching encounter with ID: 1
2026-05-12 08:51:49.447 [http-nio-8081-exec-7] DEBUG org.hibernate.SQL - select e1_0.encounter_id,e1_0.chief_complaint,e1_0.clinician_id,e1_0.diagnoses_json,e1_0.end_at,e1_0.notes_json,e1_0.orders_json,e1_0.patient_id,e1_0.prescriptions_json,e1_0.signed_at,e1_0.signed_by,e1_0.start_at,e1_0.status,e1_0.visit_type,e1_0.vitals_json from encounters e1_0 where e1_0.encounter_id=?
2026-05-12 08:51:49.449 [http-nio-8081-exec-7] DEBUG org.hibernate.SQL - select p1_0.patient_id,p1_0.address_json,p1_0.contact_info_json,p1_0.created_at,p1_0.dob,p1_0.gender,p1_0.insurance_id,p1_0.mrn,p1_0.name,p1_0.primary_contact,p1_0.status,p1_0.updated_at,p1_0.version from patients p1_0 where p1_0.patient_id=?
2026-05-12 08:51:49.452 [http-nio-8081-exec-7] DEBUG org.hibernate.SQL - select u1_0.user_id,u1_0.created_at,u1_0.email,u1_0.name,u1_0.password,u1_0.phone,u1_0.role,u1_0.status,u1_0.updated_at from users u1_0 where u1_0.user_id=?
2026-05-12 08:51:49.453 [http-nio-8081-exec-7] INFO  c.H.service.EncounterService - Retrieved encounter - ID: 1
2026-05-12 08:52:43.624 [http-nio-8081-exec-8] DEBUG org.hibernate.SQL - select u1_0.user_id,u1_0.created_at,u1_0.email,u1_0.name,u1_0.password,u1_0.phone,u1_0.role,u1_0.status,u1_0.updated_at from users u1_0 where u1_0.email=?
2026-05-12 08:52:43.644 [http-nio-8081-exec-8] INFO  c.H.service.EncounterService - Creating new encounter - PatientID: 1, VisitType: Follow-Up
2026-05-12 08:52:43.645 [http-nio-8081-exec-8] DEBUG org.hibernate.SQL - select u1_0.user_id,u1_0.created_at,u1_0.email,u1_0.name,u1_0.password,u1_0.phone,u1_0.role,u1_0.status,u1_0.updated_at from users u1_0 where u1_0.email=?
2026-05-12 08:52:43.648 [http-nio-8081-exec-8] DEBUG org.hibernate.SQL - select p1_0.patient_id,p1_0.address_json,p1_0.contact_info_json,p1_0.created_at,p1_0.dob,p1_0.gender,p1_0.insurance_id,p1_0.mrn,p1_0.name,p1_0.primary_contact,p1_0.status,p1_0.updated_at,p1_0.version from patients p1_0 where p1_0.patient_id=?
2026-05-12 08:52:43.654 [http-nio-8081-exec-8] DEBUG org.hibernate.SQL - insert into encounters (chief_complaint,clinician_id,diagnoses_json,end_at,notes_json,orders_json,patient_id,prescriptions_json,signed_at,signed_by,start_at,status,visit_type,vitals_json) values (?,?,cast(? as json),?,cast(? as json),cast(? as json),?,cast(? as json),?,?,?,?,?,cast(? as json))
2026-05-12 08:52:43.664 [http-nio-8081-exec-8] INFO  c.H.service.EncounterService - Encounter created successfully - ID: 2
2026-05-12 08:53:01.032 [http-nio-8081-exec-9] DEBUG org.hibernate.SQL - select u1_0.user_id,u1_0.created_at,u1_0.email,u1_0.name,u1_0.password,u1_0.phone,u1_0.role,u1_0.status,u1_0.updated_at from users u1_0 where u1_0.email=?
2026-05-12 08:53:01.040 [http-nio-8081-exec-9] INFO  c.H.service.EncounterService - Deleting encounter - ID: 2
2026-05-12 08:53:01.041 [http-nio-8081-exec-9] DEBUG org.hibernate.SQL - select e1_0.encounter_id,e1_0.chief_complaint,e1_0.clinician_id,e1_0.diagnoses_json,e1_0.end_at,e1_0.notes_json,e1_0.orders_json,e1_0.patient_id,e1_0.prescriptions_json,e1_0.signed_at,e1_0.signed_by,e1_0.start_at,e1_0.status,e1_0.visit_type,e1_0.vitals_json from encounters e1_0 where e1_0.encounter_id=?
2026-05-12 08:53:01.048 [http-nio-8081-exec-9] INFO  c.H.service.EncounterService - Encounter deleted successfully - ID: 2
2026-05-12 08:53:01.050 [http-nio-8081-exec-9] DEBUG org.hibernate.SQL - delete from encounters where encounter_id=?
2026-05-12 08:55:33.966 [http-nio-8081-exec-1] ERROR o.a.c.c.C.[.[.[.[dispatcherServlet] - Servlet.service() for servlet [dispatcherServlet] in context with path [] threw exception
io.jsonwebtoken.security.SignatureException: JWT signature does not match locally computed signature. JWT validity cannot be asserted and should not be trusted.
	at io.jsonwebtoken.impl.DefaultJwtParser.parse(DefaultJwtParser.java:399)
	at io.jsonwebtoken.impl.DefaultJwtParser.parse(DefaultJwtParser.java:529)
	at io.jsonwebtoken.impl.DefaultJwtParser.parseClaimsJws(DefaultJwtParser.java:589)
	at io.jsonwebtoken.impl.ImmutableJwtParser.parseClaimsJws(ImmutableJwtParser.java:173)
	at com.HospitalManagement.service.JwtService.extractAllClaims(JwtService.java:61)
	at com.HospitalManagement.service.JwtService.extractUsername(JwtService.java:49)
	at com.HospitalManagement.config.AuthenticationFilter.doFilterInternal(AuthenticationFilter.java:41)
	at org.springframework.web.filter.OncePerRequestFilter.doFilter(OncePerRequestFilter.java:116)
	at org.springframework.security.web.ObservationFilterChainDecorator$ObservationFilter.wrapFilter(ObservationFilterChainDecorator.java:244)
	at org.springframework.security.web.ObservationFilterChainDecorator$ObservationFilter.doFilter(ObservationFilterChainDecorator.java:231)
	at org.springframework.security.web.ObservationFilterChainDecorator$VirtualFilterChain.doFilter(ObservationFilterChainDecorator.java:141)
	at org.springframework.security.web.authentication.logout.LogoutFilter.doFilter(LogoutFilter.java:110)
	at org.springframework.security.web.authentication.logout.LogoutFilter.doFilter(LogoutFilter.java:96)
	at org.springframework.security.web.ObservationFilterChainDecorator$ObservationFilter.wrapFilter(ObservationFilterChainDecorator.java:244)
	at org.springframework.security.web.ObservationFilterChainDecorator$ObservationFilter.doFilter(ObservationFilterChainDecorator.java:231)
	at org.springframework.security.web.ObservationFilterChainDecorator$VirtualFilterChain.doFilter(ObservationFilterChainDecorator.java:141)
	at org.springframework.web.filter.CorsFilter.doFilterInternal(CorsFilter.java:91)
	at org.springframework.web.filter.OncePerRequestFilter.doFilter(OncePerRequestFilter.java:116)
	at org.springframework.security.web.ObservationFilterChainDecorator$ObservationFilter.wrapFilter(ObservationFilterChainDecorator.java:244)
	at org.springframework.security.web.ObservationFilterChainDecorator$ObservationFilter.doFilter(ObservationFilterChainDecorator.java:231)
	at org.springframework.security.web.ObservationFilterChainDecorator$VirtualFilterChain.doFilter(ObservationFilterChainDecorator.java:141)
	at org.springframework.security.web.header.HeaderWriterFilter.doHeadersAfter(HeaderWriterFilter.java:90)
	at org.springframework.security.web.header.HeaderWriterFilter.doFilterInternal(HeaderWriterFilter.java:75)
	at org.springframework.web.filter.OncePerRequestFilter.doFilter(OncePerRequestFilter.java:116)
	at org.springframework.security.web.ObservationFilterChainDecorator$ObservationFilter.wrapFilter(ObservationFilterChainDecorator.java:244)
	at org.springframework.security.web.ObservationFilterChainDecorator$ObservationFilter.doFilter(ObservationFilterChainDecorator.java:231)
	at org.springframework.security.web.ObservationFilterChainDecorator$VirtualFilterChain.doFilter(ObservationFilterChainDecorator.java:141)
	at org.springframework.security.web.context.SecurityContextHolderFilter.doFilter(SecurityContextHolderFilter.java:82)
	at org.springframework.security.web.context.SecurityContextHolderFilter.doFilter(SecurityContextHolderFilter.java:69)
	at org.springframework.security.web.ObservationFilterChainDecorator$ObservationFilter.wrapFilter(ObservationFilterChainDecorator.java:244)
	at org.springframework.security.web.ObservationFilterChainDecorator$ObservationFilter.doFilter(ObservationFilterChainDecorator.java:231)
	at org.springframework.security.web.ObservationFilterChainDecorator$VirtualFilterChain.doFilter(ObservationFilterChainDecorator.java:141)
	at org.springframework.security.web.context.request.async.WebAsyncManagerIntegrationFilter.doFilterInternal(WebAsyncManagerIntegrationFilter.java:62)
	at org.springframework.web.filter.OncePerRequestFilter.doFilter(OncePerRequestFilter.java:116)
	at org.springframework.security.web.ObservationFilterChainDecorator$ObservationFilter.wrapFilter(ObservationFilterChainDecorator.java:244)
	at org.springframework.security.web.ObservationFilterChainDecorator$ObservationFilter.doFilter(ObservationFilterChainDecorator.java:231)
	at org.springframework.security.web.ObservationFilterChainDecorator$VirtualFilterChain.doFilter(ObservationFilterChainDecorator.java:141)
	at org.springframework.security.web.session.DisableEncodeUrlFilter.doFilterInternal(DisableEncodeUrlFilter.java:42)
	at org.springframework.web.filter.OncePerRequestFilter.doFilter(OncePerRequestFilter.java:116)
	at org.springframework.security.web.ObservationFilterChainDecorator$ObservationFilter.wrapFilter(ObservationFilterChainDecorator.java:244)
	at org.springframework.security.web.ObservationFilterChainDecorator$AroundFilterObservation$SimpleAroundFilterObservation.lambda$wrap$0(ObservationFilterChainDecorator.java:337)
	at org.springframework.security.web.ObservationFilterChainDecorator$ObservationFilter.doFilter(ObservationFilterChainDecorator.java:228)
	at org.springframework.security.web.ObservationFilterChainDecorator$VirtualFilterChain.doFilter(ObservationFilterChainDecorator.java:141)
	at org.springframework.security.web.FilterChainProxy.doFilterInternal(FilterChainProxy.java:237)
	at org.springframework.security.web.FilterChainProxy.doFilter(FilterChainProxy.java:195)
	at org.springframework.web.filter.CompositeFilter$VirtualFilterChain.doFilter(CompositeFilter.java:113)
	at org.springframework.web.filter.ServletRequestPathFilter.doFilter(ServletRequestPathFilter.java:52)
	at org.springframework.web.filter.CompositeFilter$VirtualFilterChain.doFilter(CompositeFilter.java:113)
	at org.springframework.web.filter.CompositeFilter.doFilter(CompositeFilter.java:74)
	at org.springframework.security.config.annotation.web.configuration.WebSecurityConfiguration$CompositeFilterChainProxy.doFilter(WebSecurityConfiguration.java:317)
	at org.springframework.web.filter.DelegatingFilterProxy.invokeDelegate(DelegatingFilterProxy.java:355)
	at org.springframework.web.filter.DelegatingFilterProxy.doFilter(DelegatingFilterProxy.java:272)
	at org.apache.catalina.core.ApplicationFilterChain.doFilter(ApplicationFilterChain.java:107)
	at org.springframework.web.filter.RequestContextFilter.doFilterInternal(RequestContextFilter.java:100)
	at org.springframework.web.filter.OncePerRequestFilter.doFilter(OncePerRequestFilter.java:116)
	at org.apache.catalina.core.ApplicationFilterChain.doFilter(ApplicationFilterChain.java:107)
	at org.springframework.web.filter.FormContentFilter.doFilterInternal(FormContentFilter.java:93)
	at org.springframework.web.filter.OncePerRequestFilter.doFilter(OncePerRequestFilter.java:116)
	at org.apache.catalina.core.ApplicationFilterChain.doFilter(ApplicationFilterChain.java:107)
	at org.springframework.web.filter.ServerHttpObservationFilter.doFilterInternal(ServerHttpObservationFilter.java:110)
	at org.springframework.web.filter.OncePerRequestFilter.doFilter(OncePerRequestFilter.java:116)
	at org.apache.catalina.core.ApplicationFilterChain.doFilter(ApplicationFilterChain.java:107)
	at org.springframework.web.filter.CharacterEncodingFilter.doFilterInternal(CharacterEncodingFilter.java:199)
	at org.springframework.web.filter.OncePerRequestFilter.doFilter(OncePerRequestFilter.java:116)
	at org.apache.catalina.core.ApplicationFilterChain.doFilter(ApplicationFilterChain.java:107)
	at org.apache.catalina.core.StandardWrapperValve.invoke(StandardWrapperValve.java:165)
	at org.apache.catalina.core.StandardContextValve.invoke(StandardContextValve.java:77)
	at org.apache.catalina.authenticator.AuthenticatorBase.invoke(AuthenticatorBase.java:492)
	at org.apache.catalina.core.StandardHostValve.invoke(StandardHostValve.java:113)
	at org.apache.catalina.valves.ErrorReportValve.invoke(ErrorReportValve.java:83)
	at org.apache.catalina.core.StandardEngineValve.invoke(StandardEngineValve.java:72)
	at org.apache.catalina.connector.CoyoteAdapter.service(CoyoteAdapter.java:341)
	at org.apache.coyote.http11.Http11Processor.service(Http11Processor.java:397)
	at org.apache.coyote.AbstractProcessorLight.process(AbstractProcessorLight.java:63)
	at org.apache.coyote.AbstractProtocol$ConnectionHandler.process(AbstractProtocol.java:903)
	at org.apache.tomcat.util.net.NioEndpoint$SocketProcessor.doRun(NioEndpoint.java:1779)
	at org.apache.tomcat.util.net.SocketProcessorBase.run(SocketProcessorBase.java:52)
	at org.apache.tomcat.util.threads.ThreadPoolExecutor.runWorker(ThreadPoolExecutor.java:946)
	at org.apache.tomcat.util.threads.ThreadPoolExecutor$Worker.run(ThreadPoolExecutor.java:480)
	at org.apache.tomcat.util.threads.TaskThread$WrappingRunnable.run(TaskThread.java:57)
	at java.base/java.lang.Thread.run(Thread.java:1583)
2026-05-12 08:55:50.104 [http-nio-8081-exec-4] DEBUG org.hibernate.SQL - select u1_0.user_id,u1_0.created_at,u1_0.email,u1_0.name,u1_0.password,u1_0.phone,u1_0.role,u1_0.status,u1_0.updated_at from users u1_0 where u1_0.email=?
2026-05-12 08:56:06.887 [http-nio-8081-exec-5] INFO  c.H.service.AuthService - Attempting authentication for user with email: admin@clinicflow.com
2026-05-12 08:56:06.889 [http-nio-8081-exec-5] DEBUG org.hibernate.SQL - select u1_0.user_id,u1_0.created_at,u1_0.email,u1_0.name,u1_0.password,u1_0.phone,u1_0.role,u1_0.status,u1_0.updated_at from users u1_0 where u1_0.email=?
2026-05-12 08:56:07.349 [http-nio-8081-exec-5] DEBUG org.hibernate.SQL - select u1_0.user_id,u1_0.created_at,u1_0.email,u1_0.name,u1_0.password,u1_0.phone,u1_0.role,u1_0.status,u1_0.updated_at from users u1_0 where u1_0.email=?
2026-05-12 08:56:07.353 [http-nio-8081-exec-5] INFO  c.H.service.AuthService - User authenticated successfully - Email: admin@clinicflow.com, Role: ADMIN
2026-05-12 08:56:22.232 [http-nio-8081-exec-10] ERROR o.a.c.c.C.[.[.[.[dispatcherServlet] - Servlet.service() for servlet [dispatcherServlet] in context with path [] threw exception
io.jsonwebtoken.security.SignatureException: JWT signature does not match locally computed signature. JWT validity cannot be asserted and should not be trusted.
	at io.jsonwebtoken.impl.DefaultJwtParser.parse(DefaultJwtParser.java:399)
	at io.jsonwebtoken.impl.DefaultJwtParser.parse(DefaultJwtParser.java:529)
	at io.jsonwebtoken.impl.DefaultJwtParser.parseClaimsJws(DefaultJwtParser.java:589)
	at io.jsonwebtoken.impl.ImmutableJwtParser.parseClaimsJws(ImmutableJwtParser.java:173)
	at com.HospitalManagement.service.JwtService.extractAllClaims(JwtService.java:61)
	at com.HospitalManagement.service.JwtService.extractUsername(JwtService.java:49)
	at com.HospitalManagement.config.AuthenticationFilter.doFilterInternal(AuthenticationFilter.java:41)
	at org.springframework.web.filter.OncePerRequestFilter.doFilter(OncePerRequestFilter.java:116)
	at org.springframework.security.web.ObservationFilterChainDecorator$ObservationFilter.wrapFilter(ObservationFilterChainDecorator.java:244)
	at org.springframework.security.web.ObservationFilterChainDecorator$ObservationFilter.doFilter(ObservationFilterChainDecorator.java:231)
	at org.springframework.security.web.ObservationFilterChainDecorator$VirtualFilterChain.doFilter(ObservationFilterChainDecorator.java:141)
	at org.springframework.security.web.authentication.logout.LogoutFilter.doFilter(LogoutFilter.java:110)
	at org.springframework.security.web.authentication.logout.LogoutFilter.doFilter(LogoutFilter.java:96)
	at org.springframework.security.web.ObservationFilterChainDecorator$ObservationFilter.wrapFilter(ObservationFilterChainDecorator.java:244)
	at org.springframework.security.web.ObservationFilterChainDecorator$ObservationFilter.doFilter(ObservationFilterChainDecorator.java:231)
	at org.springframework.security.web.ObservationFilterChainDecorator$VirtualFilterChain.doFilter(ObservationFilterChainDecorator.java:141)
	at org.springframework.web.filter.CorsFilter.doFilterInternal(CorsFilter.java:91)
	at org.springframework.web.filter.OncePerRequestFilter.doFilter(OncePerRequestFilter.java:116)
	at org.springframework.security.web.ObservationFilterChainDecorator$ObservationFilter.wrapFilter(ObservationFilterChainDecorator.java:244)
	at org.springframework.security.web.ObservationFilterChainDecorator$ObservationFilter.doFilter(ObservationFilterChainDecorator.java:231)
	at org.springframework.security.web.ObservationFilterChainDecorator$VirtualFilterChain.doFilter(ObservationFilterChainDecorator.java:141)
	at org.springframework.security.web.header.HeaderWriterFilter.doHeadersAfter(HeaderWriterFilter.java:90)
	at org.springframework.security.web.header.HeaderWriterFilter.doFilterInternal(HeaderWriterFilter.java:75)
	at org.springframework.web.filter.OncePerRequestFilter.doFilter(OncePerRequestFilter.java:116)
	at org.springframework.security.web.ObservationFilterChainDecorator$ObservationFilter.wrapFilter(ObservationFilterChainDecorator.java:244)
	at org.springframework.security.web.ObservationFilterChainDecorator$ObservationFilter.doFilter(ObservationFilterChainDecorator.java:231)
	at org.springframework.security.web.ObservationFilterChainDecorator$VirtualFilterChain.doFilter(ObservationFilterChainDecorator.java:141)
	at org.springframework.security.web.context.SecurityContextHolderFilter.doFilter(SecurityContextHolderFilter.java:82)
	at org.springframework.security.web.context.SecurityContextHolderFilter.doFilter(SecurityContextHolderFilter.java:69)
	at org.springframework.security.web.ObservationFilterChainDecorator$ObservationFilter.wrapFilter(ObservationFilterChainDecorator.java:244)
	at org.springframework.security.web.ObservationFilterChainDecorator$ObservationFilter.doFilter(ObservationFilterChainDecorator.java:231)
	at org.springframework.security.web.ObservationFilterChainDecorator$VirtualFilterChain.doFilter(ObservationFilterChainDecorator.java:141)
	at org.springframework.security.web.context.request.async.WebAsyncManagerIntegrationFilter.doFilterInternal(WebAsyncManagerIntegrationFilter.java:62)
	at org.springframework.web.filter.OncePerRequestFilter.doFilter(OncePerRequestFilter.java:116)
	at org.springframework.security.web.ObservationFilterChainDecorator$ObservationFilter.wrapFilter(ObservationFilterChainDecorator.java:244)
	at org.springframework.security.web.ObservationFilterChainDecorator$ObservationFilter.doFilter(ObservationFilterChainDecorator.java:231)
	at org.springframework.security.web.ObservationFilterChainDecorator$VirtualFilterChain.doFilter(ObservationFilterChainDecorator.java:141)
	at org.springframework.security.web.session.DisableEncodeUrlFilter.doFilterInternal(DisableEncodeUrlFilter.java:42)
	at org.springframework.web.filter.OncePerRequestFilter.doFilter(OncePerRequestFilter.java:116)
	at org.springframework.security.web.ObservationFilterChainDecorator$ObservationFilter.wrapFilter(ObservationFilterChainDecorator.java:244)
	at org.springframework.security.web.ObservationFilterChainDecorator$AroundFilterObservation$SimpleAroundFilterObservation.lambda$wrap$0(ObservationFilterChainDecorator.java:337)
	at org.springframework.security.web.ObservationFilterChainDecorator$ObservationFilter.doFilter(ObservationFilterChainDecorator.java:228)
	at org.springframework.security.web.ObservationFilterChainDecorator$VirtualFilterChain.doFilter(ObservationFilterChainDecorator.java:141)
	at org.springframework.security.web.FilterChainProxy.doFilterInternal(FilterChainProxy.java:237)
	at org.springframework.security.web.FilterChainProxy.doFilter(FilterChainProxy.java:195)
	at org.springframework.web.filter.CompositeFilter$VirtualFilterChain.doFilter(CompositeFilter.java:113)
	at org.springframework.web.filter.ServletRequestPathFilter.doFilter(ServletRequestPathFilter.java:52)
	at org.springframework.web.filter.CompositeFilter$VirtualFilterChain.doFilter(CompositeFilter.java:113)
	at org.springframework.web.filter.CompositeFilter.doFilter(CompositeFilter.java:74)
	at org.springframework.security.config.annotation.web.configuration.WebSecurityConfiguration$CompositeFilterChainProxy.doFilter(WebSecurityConfiguration.java:317)
	at org.springframework.web.filter.DelegatingFilterProxy.invokeDelegate(DelegatingFilterProxy.java:355)
	at org.springframework.web.filter.DelegatingFilterProxy.doFilter(DelegatingFilterProxy.java:272)
	at org.apache.catalina.core.ApplicationFilterChain.doFilter(ApplicationFilterChain.java:107)
	at org.springframework.web.filter.RequestContextFilter.doFilterInternal(RequestContextFilter.java:100)
	at org.springframework.web.filter.OncePerRequestFilter.doFilter(OncePerRequestFilter.java:116)
	at org.apache.catalina.core.ApplicationFilterChain.doFilter(ApplicationFilterChain.java:107)
	at org.springframework.web.filter.FormContentFilter.doFilterInternal(FormContentFilter.java:93)
	at org.springframework.web.filter.OncePerRequestFilter.doFilter(OncePerRequestFilter.java:116)
	at org.apache.catalina.core.ApplicationFilterChain.doFilter(ApplicationFilterChain.java:107)
	at org.springframework.web.filter.ServerHttpObservationFilter.doFilterInternal(ServerHttpObservationFilter.java:110)
	at org.springframework.web.filter.OncePerRequestFilter.doFilter(OncePerRequestFilter.java:116)
	at org.apache.catalina.core.ApplicationFilterChain.doFilter(ApplicationFilterChain.java:107)
	at org.springframework.web.filter.CharacterEncodingFilter.doFilterInternal(CharacterEncodingFilter.java:199)
	at org.springframework.web.filter.OncePerRequestFilter.doFilter(OncePerRequestFilter.java:116)
	at org.apache.catalina.core.ApplicationFilterChain.doFilter(ApplicationFilterChain.java:107)
	at org.apache.catalina.core.StandardWrapperValve.invoke(StandardWrapperValve.java:165)
	at org.apache.catalina.core.StandardContextValve.invoke(StandardContextValve.java:77)
	at org.apache.catalina.authenticator.AuthenticatorBase.invoke(AuthenticatorBase.java:492)
	at org.apache.catalina.core.StandardHostValve.invoke(StandardHostValve.java:113)
	at org.apache.catalina.valves.ErrorReportValve.invoke(ErrorReportValve.java:83)
	at org.apache.catalina.core.StandardEngineValve.invoke(StandardEngineValve.java:72)
	at org.apache.catalina.connector.CoyoteAdapter.service(CoyoteAdapter.java:341)
	at org.apache.coyote.http11.Http11Processor.service(Http11Processor.java:397)
	at org.apache.coyote.AbstractProcessorLight.process(AbstractProcessorLight.java:63)
	at org.apache.coyote.AbstractProtocol$ConnectionHandler.process(AbstractProtocol.java:903)
	at org.apache.tomcat.util.net.NioEndpoint$SocketProcessor.doRun(NioEndpoint.java:1779)
	at org.apache.tomcat.util.net.SocketProcessorBase.run(SocketProcessorBase.java:52)
	at org.apache.tomcat.util.threads.ThreadPoolExecutor.runWorker(ThreadPoolExecutor.java:946)
	at org.apache.tomcat.util.threads.ThreadPoolExecutor$Worker.run(ThreadPoolExecutor.java:480)
	at org.apache.tomcat.util.threads.TaskThread$WrappingRunnable.run(TaskThread.java:57)
	at java.base/java.lang.Thread.run(Thread.java:1583)
2026-05-12 08:56:49.000 [http-nio-8081-exec-8] DEBUG org.hibernate.SQL - select u1_0.user_id,u1_0.created_at,u1_0.email,u1_0.name,u1_0.password,u1_0.phone,u1_0.role,u1_0.status,u1_0.updated_at from users u1_0 where u1_0.email=?
2026-05-12 08:56:49.038 [http-nio-8081-exec-8] INFO  c.H.service.AdminUserService - Creating new user - Name: Suveda, Email: Suveda@clinicflow.com, Role: RECEPTION
2026-05-12 08:56:49.047 [http-nio-8081-exec-8] DEBUG org.hibernate.SQL - select u1_0.user_id from users u1_0 where u1_0.email=? limit ?
2026-05-12 08:56:49.162 [http-nio-8081-exec-8] DEBUG org.hibernate.SQL - insert into users (created_at,email,name,password,phone,role,status,updated_at) values (?,?,?,?,?,?,?,?)
2026-05-12 08:56:49.794 [http-nio-8081-exec-8] WARN  org.hibernate.orm.jdbc.error - HHH000247: ErrorCode: 1062, SQLState: 23000
2026-05-12 08:56:49.794 [http-nio-8081-exec-8] WARN  org.hibernate.orm.jdbc.error - Duplicate entry '9876543212' for key 'users.UKdu5v5sr43g5bfnji4vb8hg5s3'
2026-05-12 08:56:49.816 [http-nio-8081-exec-8] WARN  o.s.w.s.m.m.a.ExceptionHandlerExceptionResolver - Resolved [org.springframework.dao.DataIntegrityViolationException: could not execute statement [Duplicate entry '9876543212' for key 'users.UKdu5v5sr43g5bfnji4vb8hg5s3'] [insert into users (created_at,email,name,password,phone,role,status,updated_at) values (?,?,?,?,?,?,?,?)]; SQL [insert into users (created_at,email,name,password,phone,role,status,updated_at) values (?,?,?,?,?,?,?,?)]; constraint [users.UKdu5v5sr43g5bfnji4vb8hg5s3]]
2026-05-12 08:57:00.218 [http-nio-8081-exec-6] DEBUG org.hibernate.SQL - select u1_0.user_id,u1_0.created_at,u1_0.email,u1_0.name,u1_0.password,u1_0.phone,u1_0.role,u1_0.status,u1_0.updated_at from users u1_0 where u1_0.email=?
2026-05-12 08:57:00.228 [http-nio-8081-exec-6] INFO  c.H.service.AdminUserService - Creating new user - Name: Suveda, Email: Suveda@clinicflow.com, Role: RECEPTION
2026-05-12 08:57:00.229 [http-nio-8081-exec-6] DEBUG org.hibernate.SQL - select u1_0.user_id from users u1_0 where u1_0.email=? limit ?
2026-05-12 08:57:00.354 [http-nio-8081-exec-6] DEBUG org.hibernate.SQL - insert into users (created_at,email,name,password,phone,role,status,updated_at) values (?,?,?,?,?,?,?,?)
2026-05-12 08:57:27.925 [http-nio-8081-exec-2] DEBUG org.hibernate.SQL - select u1_0.user_id,u1_0.created_at,u1_0.email,u1_0.name,u1_0.password,u1_0.phone,u1_0.role,u1_0.status,u1_0.updated_at from users u1_0 where u1_0.email=?
2026-05-12 09:46:31.170 [HikariPool-1:housekeeper] WARN  com.zaxxer.hikari.pool.HikariPool - HikariPool-1 - Thread starvation or clock leap detected (housekeeper delta=17m20s446ms223µs300ns).
2026-05-12 10:58:40.744 [HikariPool-1:housekeeper] WARN  com.zaxxer.hikari.pool.HikariPool - HikariPool-1 - Thread starvation or clock leap detected (housekeeper delta=17m8s710ms711µs400ns).
2026-05-12 11:29:43.163 [HikariPool-1:housekeeper] WARN  com.zaxxer.hikari.pool.HikariPool - HikariPool-1 - Thread starvation or clock leap detected (housekeeper delta=2m1s937ms438µs500ns).
2026-05-12 11:55:16.824 [HikariPool-1:housekeeper] WARN  com.zaxxer.hikari.pool.HikariPool - HikariPool-1 - Thread starvation or clock leap detected (housekeeper delta=10m3s433ms479µs300ns).
2026-05-12 13:28:17.798 [HikariPool-1:housekeeper] WARN  com.zaxxer.hikari.pool.HikariPool - HikariPool-1 - Thread starvation or clock leap detected (housekeeper delta=51m314ms109µs200ns).
2026-05-12 13:59:30.869 [HikariPool-1:housekeeper] WARN  com.zaxxer.hikari.pool.HikariPool - HikariPool-1 - Thread starvation or clock leap detected (housekeeper delta=15m42s825ms876µs200ns).
2026-05-12 14:43:11.238 [HikariPool-1:housekeeper] WARN  com.zaxxer.hikari.pool.HikariPool - HikariPool-1 - Thread starvation or clock leap detected (housekeeper delta=27m40s119ms246µs300ns).
2026-05-12 16:18:12.972 [HikariPool-1:housekeeper] WARN  com.zaxxer.hikari.pool.HikariPool - HikariPool-1 - Thread starvation or clock leap detected (housekeeper delta=50m31s22ms602µs300ns).
2026-05-12 16:37:55.576 [http-nio-8081-exec-4] DEBUG org.hibernate.SQL - select u1_0.user_id,u1_0.created_at,u1_0.email,u1_0.name,u1_0.password,u1_0.phone,u1_0.role,u1_0.status,u1_0.updated_at from users u1_0 where u1_0.email=?
2026-05-12 16:37:55.627 [http-nio-8081-exec-4] DEBUG c.H.service.EncounterService - Fetching encounter with ID: 1
2026-05-12 16:37:55.648 [http-nio-8081-exec-4] DEBUG org.hibernate.SQL - select e1_0.encounter_id,e1_0.chief_complaint,e1_0.clinician_id,e1_0.diagnoses_json,e1_0.end_at,e1_0.notes_json,e1_0.orders_json,e1_0.patient_id,e1_0.prescriptions_json,e1_0.signed_at,e1_0.signed_by,e1_0.start_at,e1_0.status,e1_0.visit_type,e1_0.vitals_json from encounters e1_0 where e1_0.encounter_id=?
2026-05-12 16:37:55.658 [http-nio-8081-exec-4] DEBUG org.hibernate.SQL - select p1_0.patient_id,p1_0.address_json,p1_0.contact_info_json,p1_0.created_at,p1_0.dob,p1_0.gender,p1_0.insurance_id,p1_0.mrn,p1_0.name,p1_0.primary_contact,p1_0.status,p1_0.updated_at,p1_0.version from patients p1_0 where p1_0.patient_id=?
2026-05-12 16:37:55.658 [http-nio-8081-exec-4] DEBUG org.hibernate.SQL - select u1_0.user_id,u1_0.created_at,u1_0.email,u1_0.name,u1_0.password,u1_0.phone,u1_0.role,u1_0.status,u1_0.updated_at from users u1_0 where u1_0.user_id=?
2026-05-12 16:37:55.666 [http-nio-8081-exec-4] INFO  c.H.service.EncounterService - Retrieved encounter - ID: 1
2026-05-12 18:04:49.251 [HikariPool-1:housekeeper] WARN  com.zaxxer.hikari.pool.HikariPool - HikariPool-1 - Thread starvation or clock leap detected (housekeeper delta=59m5s515ms209µs100ns).
2026-05-12 19:15:16.956 [HikariPool-1:housekeeper] WARN  com.zaxxer.hikari.pool.HikariPool - HikariPool-1 - Thread starvation or clock leap detected (housekeeper delta=46m27s262ms371µs700ns).
2026-05-12 21:53:11.197 [HikariPool-1:housekeeper] WARN  com.zaxxer.hikari.pool.HikariPool - HikariPool-1 - Thread starvation or clock leap detected (housekeeper delta=2h21m23s946ms924µs500ns).
2026-05-12 23:33:00.944 [SpringApplicationShutdownHook] INFO  com.zaxxer.hikari.HikariDataSource - HikariPool-1 - Shutdown initiated...
2026-05-12 23:33:00.953 [SpringApplicationShutdownHook] INFO  com.zaxxer.hikari.HikariDataSource - HikariPool-1 - Shutdown completed.
2026-05-12 23:33:17.272 [restartedMain] INFO  c.H.HospitalManagementApplication - Starting HospitalManagementApplication using Java 21 with PID 26012 (C:\Users\2492206\Downloads\HospitalManagement-Git\target\classes started by 2492206 in C:\Users\2492206\Downloads\HospitalManagement-Git)
2026-05-12 23:33:17.285 [restartedMain] DEBUG c.H.HospitalManagementApplication - Running with Spring Boot v4.0.5, Spring v7.0.6
2026-05-12 23:33:17.285 [restartedMain] INFO  c.H.HospitalManagementApplication - No active profile set, falling back to 1 default profile: "default"
2026-05-12 23:33:21.725 [restartedMain] INFO  o.a.coyote.http11.Http11NioProtocol - Initializing ProtocolHandler ["http-nio-8081"]
2026-05-12 23:33:21.727 [restartedMain] INFO  o.a.catalina.core.StandardService - Starting service [Tomcat]
2026-05-12 23:33:21.727 [restartedMain] INFO  o.a.catalina.core.StandardEngine - Starting Servlet engine: [Apache Tomcat/11.0.20]
2026-05-12 23:33:21.890 [restartedMain] INFO  com.zaxxer.hikari.HikariDataSource - HikariPool-1 - Starting...
2026-05-12 23:33:22.539 [restartedMain] INFO  com.zaxxer.hikari.pool.HikariPool - HikariPool-1 - Added connection com.mysql.cj.jdbc.ConnectionImpl@20ad0376
2026-05-12 23:33:22.545 [restartedMain] INFO  com.zaxxer.hikari.HikariDataSource - HikariPool-1 - Start completed.
2026-05-12 23:33:24.559 [restartedMain] WARN  org.hibernate.orm.deprecation - HHH90000025: MySQLDialect does not need to be specified explicitly using 'hibernate.dialect' (remove the property setting and it will be selected by default)
2026-05-12 23:33:28.876 [restartedMain] DEBUG c.H.config.AuthenticationFilter - Filter 'authenticationFilter' configured for use
2026-05-12 23:33:29.303 [restartedMain] INFO  o.s.s.c.a.a.c.InitializeAuthenticationProviderBeanManagerConfigurer$InitializeAuthenticationProviderManagerConfigurer - Global AuthenticationManager configured with AuthenticationProvider bean with name authenticationProvider
2026-05-12 23:33:29.303 [restartedMain] WARN  o.s.s.c.a.a.c.InitializeUserDetailsBeanManagerConfigurer$InitializeUserDetailsManagerConfigurer - Global AuthenticationManager configured with an AuthenticationProvider bean. UserDetailsService beans will not be used by Spring Security for automatically configuring username/password login. Consider removing the AuthenticationProvider bean. Alternatively, consider using the UserDetailsService in a manually instantiated DaoAuthenticationProvider. If the current configuration is intentional, to turn off this warning, increase the logging level of 'org.springframework.security.config.annotation.authentication.configuration.InitializeUserDetailsBeanManagerConfigurer' to ERROR
2026-05-12 23:33:30.259 [restartedMain] WARN  o.s.b.j.a.JpaBaseConfiguration$JpaWebConfiguration - spring.jpa.open-in-view is enabled by default. Therefore, database queries may be performed during view rendering. Explicitly configure spring.jpa.open-in-view to disable this warning
2026-05-12 23:33:31.116 [restartedMain] WARN  o.s.w.s.m.m.a.RequestMappingHandlerMapping - Multiple @RequestMapping annotations found on public com.HospitalManagement.responsedto.LabOrderResponseDto com.HospitalManagement.controller.LabController.cancelOrder(java.lang.Long), but only the first will be used: [@org.springframework.web.bind.annotation.DeleteMapping(consumes={}, headers={}, name="", params={}, path={"/orders/{labOrderId}"}, produces={}, value={"/orders/{labOrderId}"}, version=""), @org.springframework.web.bind.annotation.PatchMapping(consumes={}, headers={}, name="", params={}, path={"/lab-orders/{labOrderId}/cancel"}, produces={}, value={"/lab-orders/{labOrderId}/cancel"}, version="")]
2026-05-12 23:33:31.852 [restartedMain] INFO  o.a.coyote.http11.Http11NioProtocol - Starting ProtocolHandler ["http-nio-8081"]
2026-05-12 23:33:31.918 [restartedMain] INFO  c.H.HospitalManagementApplication - Started HospitalManagementApplication in 16.447 seconds (process running for 18.468)
2026-05-12 23:33:31.925 [restartedMain] WARN  o.s.c.events.SpringDocAppInitializer - SpringDoc /v3/api-docs endpoint is enabled by default. To disable it in production, set the property 'springdoc.api-docs.enabled=false'
2026-05-12 23:33:31.927 [restartedMain] WARN  o.s.c.events.SpringDocAppInitializer - SpringDoc /swagger-ui.html endpoint is enabled by default. To disable it in production, set the property 'springdoc.swagger-ui.enabled=false'
2026-05-12 23:59:06.516 [http-nio-8081-exec-1] INFO  o.a.c.c.C.[Tomcat].[localhost].[/] - Initializing Spring DispatcherServlet 'dispatcherServlet'
2026-05-12 23:59:06.516 [http-nio-8081-exec-1] INFO  o.s.web.servlet.DispatcherServlet - Initializing Servlet 'dispatcherServlet'
2026-05-12 23:59:06.525 [http-nio-8081-exec-1] INFO  o.s.web.servlet.DispatcherServlet - Completed initialization in 9 ms
2026-05-12 23:59:07.478 [http-nio-8081-exec-1] DEBUG org.hibernate.SQL - select u1_0.user_id,u1_0.created_at,u1_0.email,u1_0.name,u1_0.password,u1_0.phone,u1_0.role,u1_0.status,u1_0.updated_at from users u1_0 where u1_0.email=?
2026-05-12 23:59:07.585 [http-nio-8081-exec-1] DEBUG c.H.service.EncounterService - Fetching all encounters
2026-05-12 23:59:07.605 [http-nio-8081-exec-1] DEBUG org.hibernate.SQL - select e1_0.encounter_id,e1_0.chief_complaint,e1_0.clinician_id,e1_0.diagnoses_json,e1_0.end_at,e1_0.notes_json,e1_0.orders_json,e1_0.patient_id,e1_0.prescriptions_json,e1_0.signed_at,e1_0.signed_by,e1_0.start_at,e1_0.status,e1_0.visit_type,e1_0.vitals_json from encounters e1_0
2026-05-12 23:59:07.626 [http-nio-8081-exec-1] DEBUG org.hibernate.SQL - select p1_0.patient_id,p1_0.address_json,p1_0.contact_info_json,p1_0.created_at,p1_0.dob,p1_0.gender,p1_0.insurance_id,p1_0.mrn,p1_0.name,p1_0.primary_contact,p1_0.status,p1_0.updated_at,p1_0.version from patients p1_0 where p1_0.patient_id=?
2026-05-12 23:59:07.629 [http-nio-8081-exec-1] DEBUG org.hibernate.SQL - select u1_0.user_id,u1_0.created_at,u1_0.email,u1_0.name,u1_0.password,u1_0.phone,u1_0.role,u1_0.status,u1_0.updated_at from users u1_0 where u1_0.user_id=?
2026-05-12 23:59:07.634 [http-nio-8081-exec-1] INFO  c.H.service.EncounterService - Retrieved 1 encounters
2026-05-12 23:59:15.197 [SpringApplicationShutdownHook] INFO  com.zaxxer.hikari.HikariDataSource - HikariPool-1 - Shutdown initiated...
2026-05-12 23:59:15.205 [SpringApplicationShutdownHook] INFO  com.zaxxer.hikari.HikariDataSource - HikariPool-1 - Shutdown completed.
