2026-05-05 17:44:45.632 [restartedMain] INFO  c.H.HospitalManagementApplication - Starting HospitalManagementApplication using Java 21 with PID 2128 (C:\Users\2492179\Downloads\HospitalManagement\HospitalManagement\target\classes started by 2492179 in C:\Users\2492179\Downloads\HospitalManagement\HospitalManagement)
2026-05-05 17:44:45.634 [restartedMain] DEBUG c.H.HospitalManagementApplication - Running with Spring Boot v4.0.5, Spring v7.0.6
2026-05-05 17:44:45.635 [restartedMain] INFO  c.H.HospitalManagementApplication - No active profile set, falling back to 1 default profile: "default"
2026-05-05 17:44:47.612 [restartedMain] INFO  o.a.coyote.http11.Http11NioProtocol - Initializing ProtocolHandler ["http-nio-8081"]
2026-05-05 17:44:47.613 [restartedMain] INFO  o.a.catalina.core.StandardService - Starting service [Tomcat]
2026-05-05 17:44:47.614 [restartedMain] INFO  o.a.catalina.core.StandardEngine - Starting Servlet engine: [Apache Tomcat/11.0.20]
2026-05-05 17:44:47.788 [restartedMain] INFO  com.zaxxer.hikari.HikariDataSource - HikariPool-1 - Starting...
2026-05-05 17:44:48.221 [restartedMain] INFO  com.zaxxer.hikari.pool.HikariPool - HikariPool-1 - Added connection com.mysql.cj.jdbc.ConnectionImpl@531ecbad
2026-05-05 17:44:48.223 [restartedMain] INFO  com.zaxxer.hikari.HikariDataSource - HikariPool-1 - Start completed.
2026-05-05 17:44:49.082 [restartedMain] WARN  org.hibernate.orm.deprecation - HHH90000025: MySQLDialect does not need to be specified explicitly using 'hibernate.dialect' (remove the property setting and it will be selected by default)
2026-05-05 17:44:50.188 [restartedMain] DEBUG org.hibernate.SQL - alter table payment modify column status varchar(255)
2026-05-05 17:44:50.646 [restartedMain] DEBUG c.H.config.AuthenticationFilter - Filter 'authenticationFilter' configured for use
2026-05-05 17:44:50.768 [restartedMain] INFO  o.s.s.c.a.a.c.InitializeAuthenticationProviderBeanManagerConfigurer$InitializeAuthenticationProviderManagerConfigurer - Global AuthenticationManager configured with AuthenticationProvider bean with name authenticationProvider
2026-05-05 17:44:50.769 [restartedMain] WARN  o.s.s.c.a.a.c.InitializeUserDetailsBeanManagerConfigurer$InitializeUserDetailsManagerConfigurer - Global AuthenticationManager configured with an AuthenticationProvider bean. UserDetailsService beans will not be used by Spring Security for automatically configuring username/password login. Consider removing the AuthenticationProvider bean. Alternatively, consider using the UserDetailsService in a manually instantiated DaoAuthenticationProvider. If the current configuration is intentional, to turn off this warning, increase the logging level of 'org.springframework.security.config.annotation.authentication.configuration.InitializeUserDetailsBeanManagerConfigurer' to ERROR
2026-05-05 17:44:51.090 [restartedMain] WARN  o.s.b.j.a.JpaBaseConfiguration$JpaWebConfiguration - spring.jpa.open-in-view is enabled by default. Therefore, database queries may be performed during view rendering. Explicitly configure spring.jpa.open-in-view to disable this warning
2026-05-05 17:44:51.437 [restartedMain] WARN  o.s.w.s.m.m.a.RequestMappingHandlerMapping - Multiple @RequestMapping annotations found on public com.HospitalManagement.responsedto.LabOrderResponseDto com.HospitalManagement.controller.LabController.cancelOrder(java.lang.Long), but only the first will be used: [@org.springframework.web.bind.annotation.DeleteMapping(consumes={}, headers={}, name="", params={}, path={"/orders/{labOrderId}"}, produces={}, value={"/orders/{labOrderId}"}, version=""), @org.springframework.web.bind.annotation.PatchMapping(consumes={}, headers={}, name="", params={}, path={"/lab-orders/{labOrderId}/cancel"}, produces={}, value={"/lab-orders/{labOrderId}/cancel"}, version="")]
2026-05-05 17:44:51.891 [restartedMain] INFO  o.a.coyote.http11.Http11NioProtocol - Starting ProtocolHandler ["http-nio-8081"]
2026-05-05 17:44:51.916 [restartedMain] INFO  c.H.HospitalManagementApplication - Started HospitalManagementApplication in 6.659 seconds (process running for 7.78)
2026-05-05 17:44:51.983 [restartedMain] WARN  o.s.c.events.SpringDocAppInitializer - SpringDoc /v3/api-docs endpoint is enabled by default. To disable it in production, set the property 'springdoc.api-docs.enabled=false'
2026-05-05 17:44:51.983 [restartedMain] WARN  o.s.c.events.SpringDocAppInitializer - SpringDoc /swagger-ui.html endpoint is enabled by default. To disable it in production, set the property 'springdoc.swagger-ui.enabled=false'
2026-05-05 17:45:22.411 [http-nio-8081-exec-1] INFO  o.a.c.c.C.[Tomcat].[localhost].[/] - Initializing Spring DispatcherServlet 'dispatcherServlet'
2026-05-05 17:45:22.411 [http-nio-8081-exec-1] INFO  o.s.web.servlet.DispatcherServlet - Initializing Servlet 'dispatcherServlet'
2026-05-05 17:45:22.411 [http-nio-8081-exec-1] INFO  o.s.web.servlet.DispatcherServlet - Completed initialization in 0 ms
2026-05-05 17:45:23.896 [http-nio-8081-exec-9] INFO  o.s.api.AbstractOpenApiResource - Init duration for springdoc-openapi is: 1134 ms
2026-05-05 17:47:36.023 [SpringApplicationShutdownHook] INFO  com.zaxxer.hikari.HikariDataSource - HikariPool-1 - Shutdown initiated...
2026-05-05 17:47:36.030 [SpringApplicationShutdownHook] INFO  com.zaxxer.hikari.HikariDataSource - HikariPool-1 - Shutdown completed.
