2026-06-11 07:10:14.130 [main] INFO  c.H.service.AdminUserService - Creating new user - Name: Dr. Asha Mehta, Email: asha.mehta@clinicflow.com, Role: CLINICIAN
2026-06-11 07:10:14.343 [main] INFO  c.H.service.AdminUserService - Updating user - UserID: 10, NewEmail: asha.mehta@clinicflow.com, NewRole: CLINICIAN
2026-06-11 07:10:14.384 [main] DEBUG c.H.service.AdminUserService - Fetching all users
2026-06-11 07:10:14.385 [main] INFO  c.H.service.AdminUserService - Retrieved 1 users
2026-06-11 07:10:14.402 [main] INFO  c.H.service.AdminUserService - Deactivating user - ID: 10
2026-06-11 07:10:14.404 [main] INFO  c.H.service.AdminUserService - User deactivated successfully - ID: 10, Email: asha.mehta@clinicflow.com
2026-06-11 07:10:14.440 [main] INFO  c.H.service.AdminUserService - Creating new user - Name: Jane Patient, Email: jane@example.com, Role: PATIENT
2026-06-11 07:10:14.490 [main] INFO  c.H.service.AdminUserService - Creating new user - Name: Dr. Asha Mehta, Email: asha.mehta@clinicflow.com, Role: CLINICIAN
2026-06-11 07:10:14.503 [main] INFO  c.H.service.AdminUserService - Creating new user - Name: Joe Staff, Email: joe@example.com, Role: INVALID_ROLE
2026-06-11 07:10:14.515 [main] DEBUG c.H.service.AdminUserService - Fetching user with ID: 10
2026-06-11 07:10:14.520 [main] INFO  c.H.service.AdminUserService - Retrieved user - ID: 10, Email: asha.mehta@clinicflow.com, Role: CLINICIAN, Status: ACTIVE
2026-06-11 07:10:14.537 [main] DEBUG c.H.service.AdminUserService - Fetching user with ID: 999
2026-06-11 07:10:15.030 [main] DEBUG c.H.service.AppointmentService - Fetching appointment with ID: 999
2026-06-11 07:10:15.045 [main] INFO  c.H.service.AppointmentService - Completing appointment - AppointmentID: 1
2026-06-11 07:10:15.046 [main] INFO  c.H.service.AppointmentService - Appointment completed successfully - AppointmentID: 1
2026-06-11 07:10:15.060 [main] INFO  c.H.service.AppointmentService - Creating new appointment - PatientID: 5, ClinicianID: 10, Department: General Medicine
2026-06-11 07:10:15.077 [main] DEBUG c.H.service.AppointmentService - Fetching all appointments
2026-06-11 07:10:15.079 [main] INFO  c.H.service.AppointmentService - Retrieved 1 appointments
2026-06-11 07:10:15.092 [main] INFO  c.H.service.AppointmentService - Updating appointment - AppointmentID: 1, NewStatus: SCHEDULED
2026-06-11 07:10:15.095 [main] INFO  c.H.service.AppointmentService - Appointment updated successfully - AppointmentID: 1, Status: SCHEDULED
2026-06-11 07:10:15.114 [main] INFO  c.H.service.AppointmentService - Checking in appointment - AppointmentID: 1
2026-06-11 07:10:15.115 [main] INFO  c.H.service.AppointmentService - Appointment checked in successfully - AppointmentID: 1
2026-06-11 07:10:15.126 [main] DEBUG c.H.service.AppointmentService - Fetching appointment with ID: 1
2026-06-11 07:10:15.126 [main] INFO  c.H.service.AppointmentService - Retrieved appointment - ID: 1, PatientID: 5
2026-06-11 07:10:15.135 [main] INFO  c.H.service.AppointmentService - Creating new appointment - PatientID: 5, ClinicianID: 10, Department: General Medicine
2026-06-11 07:10:15.149 [main] DEBUG c.H.service.AppointmentService - Fetching appointments for patient ID: 5
2026-06-11 07:10:15.151 [main] INFO  c.H.service.AppointmentService - Retrieved 1 appointments for patient ID: 5
2026-06-11 07:10:15.163 [main] INFO  c.H.service.AppointmentService - Creating new appointment - PatientID: 5, ClinicianID: 10, Department: General Medicine
2026-06-11 07:10:15.163 [main] INFO  c.H.service.AppointmentService - Appointment created successfully - AppointmentID: 1, PatientID: 5, Status: SCHEDULED
2026-06-11 07:10:15.180 [main] INFO  c.H.service.AppointmentService - Cancelling appointment - AppointmentID: 1
2026-06-11 07:10:15.180 [main] INFO  c.H.service.AppointmentService - Appointment cancelled successfully - AppointmentID: 1
2026-06-11 07:10:15.673 [main] INFO  c.H.service.AuthService - Attempting authentication for user with email: john.doe@example.com
2026-06-11 07:10:15.690 [main] INFO  c.H.service.AuthService - User authenticated successfully - Email: john.doe@example.com, Role: PATIENT
2026-06-11 07:10:15.752 [main] INFO  c.H.service.AuthService - Attempting to register new user with email: john.doe@example.com
2026-06-11 07:10:15.752 [main] WARN  c.H.service.AuthService - Registration failed: User already exists with email: john.doe@example.com
2026-06-11 07:10:15.774 [main] INFO  c.H.service.AuthService - Attempting authentication for user with email: john.doe@example.com
2026-06-11 07:10:15.776 [main] WARN  c.H.service.AuthService - Authentication failed: Invalid credentials for email: john.doe@example.com
2026-06-11 07:10:15.789 [main] INFO  c.H.service.AuthService - Attempting to register new user with email: john.doe@example.com
2026-06-11 07:10:15.790 [main] INFO  c.H.service.AuthService - User registered successfully - Name: John Doe, Email: john.doe@example.com, Phone: 1234567890, Role: PATIENT
2026-06-11 07:10:16.070 [main] INFO  c.H.service.EncounterService - Creating new encounter - PatientID: 1, VisitType: Routine Checkup
2026-06-11 07:10:16.073 [main] INFO  c.H.service.EncounterService - Encounter created successfully - ID: 1
2026-06-11 07:10:16.086 [main] INFO  c.H.service.EncounterService - Updating encounter - ID: 1
2026-06-11 07:10:16.102 [main] INFO  c.H.service.EncounterService - Updating encounter - ID: 1
2026-06-11 07:10:16.103 [main] INFO  c.H.service.EncounterService - Encounter updated successfully - ID: 1
2026-06-11 07:10:16.116 [main] INFO  c.H.service.EncounterService - Creating new encounter - PatientID: 1, VisitType: Routine Checkup
2026-06-11 07:10:16.131 [main] INFO  c.H.service.EncounterService - Creating new encounter - PatientID: 1, VisitType: Routine Checkup
2026-06-11 07:10:16.137 [main] INFO  c.H.service.EncounterService - Encounter created successfully - ID: null
2026-06-11 07:10:16.170 [main] INFO  c.H.service.EncounterService - Updating encounter - ID: 1
2026-06-11 07:10:16.172 [main] INFO  c.H.service.EncounterService - Encounter updated successfully - ID: 1
2026-06-11 07:10:16.188 [main] DEBUG c.H.service.EncounterService - Fetching encounter with ID: 1
2026-06-11 07:10:16.190 [main] INFO  c.H.service.EncounterService - Retrieved encounter - ID: 1
2026-06-11 07:10:16.200 [main] INFO  c.H.service.EncounterService - Creating new encounter - PatientID: 1, VisitType: Routine Checkup
2026-06-11 07:10:16.200 [main] INFO  c.H.service.EncounterService - Encounter created successfully - ID: 1
2026-06-11 07:10:16.214 [main] DEBUG c.H.service.EncounterService - Fetching all encounters
2026-06-11 07:10:16.216 [main] INFO  c.H.service.EncounterService - Retrieved 0 encounters
2026-06-11 07:10:16.223 [main] INFO  c.H.service.EncounterService - Creating new encounter - PatientID: 1, VisitType: Routine Checkup
2026-06-11 07:10:16.237 [main] DEBUG c.H.service.EncounterService - Fetching all encounters
2026-06-11 07:10:16.237 [main] INFO  c.H.service.EncounterService - Retrieved 1 encounters
2026-06-11 07:10:16.253 [main] INFO  c.H.service.EncounterService - Deleting encounter - ID: 999
2026-06-11 07:10:16.278 [main] DEBUG c.H.service.EncounterService - Fetching encounter with ID: 999
2026-06-11 07:10:16.290 [main] DEBUG c.H.service.EncounterService - Fetching encounter with ID: 1
2026-06-11 07:10:16.292 [main] INFO  c.H.service.EncounterService - Retrieved encounter - ID: 1
2026-06-11 07:10:16.308 [main] DEBUG c.H.service.EncounterService - Fetching encounter with ID: 1
2026-06-11 07:10:16.310 [main] INFO  c.H.service.EncounterService - Retrieved encounter - ID: 1
2026-06-11 07:10:16.328 [main] INFO  c.H.service.EncounterService - Deleting encounter - ID: 1
2026-06-11 07:10:16.328 [main] INFO  c.H.service.EncounterService - Encounter deleted successfully - ID: 1
2026-06-11 07:10:16.687 [main] INFO  c.H.service.InventoryService - Adjusting stock - Inventory ID: 10, Delta: -120
2026-06-11 07:10:16.687 [main] DEBUG c.H.service.InventoryService - Looking up inventory item by ID: 10
2026-06-11 07:10:16.690 [main] DEBUG c.H.service.InventoryService - Found inventory item - ID: 10, Batch: BATCH123
2026-06-11 07:10:16.690 [main] WARN  c.H.service.InventoryService - Stock adjustment would result in negative quantity - Current: 100, Delta: -120
2026-06-11 07:10:16.700 [main] DEBUG c.H.service.InventoryService - Fetching expired inventory
2026-06-11 07:10:16.701 [main] INFO  c.H.service.InventoryService - Retrieved 1 expired inventory items
2026-06-11 07:10:16.710 [main] INFO  c.H.service.InventoryService - Creating inventory item - Medication ID: 1, Batch: BATCH123
2026-06-11 07:10:16.712 [main] DEBUG c.H.service.InventoryService - Looking up medication by ID: 1
2026-06-11 07:10:16.712 [main] DEBUG c.H.service.InventoryService - Found medication - ID: 1, Name: Paracetamol
2026-06-11 07:10:16.714 [main] DEBUG c.H.service.InventoryService - Updating inventory status for item ID: null
2026-06-11 07:10:16.714 [main] DEBUG c.H.service.InventoryService - Set status to IN_STOCK for item ID: null
2026-06-11 07:10:16.714 [main] INFO  c.H.service.InventoryService - Successfully created inventory item - ID: 10, Batch: BATCH123
2026-06-11 07:10:16.728 [main] DEBUG c.H.service.InventoryService - Fetching inventory item by ID: 999
2026-06-11 07:10:16.728 [main] DEBUG c.H.service.InventoryService - Looking up inventory item by ID: 999
2026-06-11 07:10:16.740 [main] DEBUG c.H.service.InventoryService - Generating stock summary
2026-06-11 07:10:16.741 [main] INFO  c.H.service.InventoryService - Generated stock summary with 1 items
2026-06-11 07:10:16.752 [main] DEBUG c.H.service.InventoryService - Fetching expiring inventory within 30 days
2026-06-11 07:10:16.752 [main] INFO  c.H.service.InventoryService - Retrieved 1 expiring inventory items within 30 days
2026-06-11 07:10:16.764 [main] DEBUG c.H.service.InventoryService - Fetching all inventory items
2026-06-11 07:10:16.764 [main] INFO  c.H.service.InventoryService - Retrieved 1 inventory items
2026-06-11 07:10:16.774 [main] INFO  c.H.service.InventoryService - Deleting inventory item - ID: 10
2026-06-11 07:10:16.774 [main] DEBUG c.H.service.InventoryService - Looking up inventory item by ID: 10
2026-06-11 07:10:16.776 [main] DEBUG c.H.service.InventoryService - Found inventory item - ID: 10, Batch: BATCH123
2026-06-11 07:10:16.782 [main] INFO  c.H.service.InventoryService - Successfully deleted inventory item - ID: 10
2026-06-11 07:10:16.804 [main] INFO  c.H.service.InventoryService - Adjusting stock - Inventory ID: 10, Delta: -40
2026-06-11 07:10:16.806 [main] DEBUG c.H.service.InventoryService - Looking up inventory item by ID: 10
2026-06-11 07:10:16.806 [main] DEBUG c.H.service.InventoryService - Found inventory item - ID: 10, Batch: BATCH123
2026-06-11 07:10:16.808 [main] INFO  c.H.service.InventoryService - Successfully adjusted stock - Inventory ID: 10, New Quantity: 60
2026-06-11 07:10:16.825 [main] DEBUG c.H.service.InventoryService - Fetching inventory item by ID: 10
2026-06-11 07:10:16.826 [main] DEBUG c.H.service.InventoryService - Looking up inventory item by ID: 10
2026-06-11 07:10:16.828 [main] DEBUG c.H.service.InventoryService - Found inventory item - ID: 10, Batch: BATCH123
2026-06-11 07:10:16.828 [main] INFO  c.H.service.InventoryService - Retrieved inventory item - ID: 10, Medication: Paracetamol
2026-06-11 07:10:16.862 [main] INFO  c.H.service.InventoryService - Creating inventory item - Medication ID: 1, Batch: BATCH123
2026-06-11 07:10:16.864 [main] DEBUG c.H.service.InventoryService - Looking up medication by ID: 1
2026-06-11 07:10:16.864 [main] DEBUG c.H.service.InventoryService - Found medication - ID: 1, Name: Paracetamol
2026-06-11 07:10:16.864 [main] WARN  c.H.service.InventoryService - Attempted to create duplicate batch - Medication ID: 1, Batch: BATCH123
2026-06-11 07:10:17.098 [main] DEBUG c.H.service.InvoiceService - Fetching invoices for patient ID: 1
2026-06-11 07:10:17.100 [main] DEBUG c.H.service.InvoiceService - Looking up patient by ID: 1
2026-06-11 07:10:17.101 [main] DEBUG c.H.service.InvoiceService - Found patient - ID: 1, Name: Priya Nair
2026-06-11 07:10:17.141 [main] INFO  c.H.service.InvoiceService - Retrieved 1 invoices for patient ID: 1
2026-06-11 07:10:17.149 [main] INFO  c.H.service.InvoiceService - Updating invoice status - ID: 10, Status: PAID
2026-06-11 07:10:17.150 [main] DEBUG c.H.service.InvoiceService - Looking up invoice by ID: 10
2026-06-11 07:10:17.151 [main] DEBUG c.H.service.InvoiceService - Found invoice - ID: 10, Amount: 105.0
2026-06-11 07:10:17.154 [main] INFO  c.H.service.InvoiceService - Successfully updated invoice status - ID: 10, Status: PAID
2026-06-11 07:10:17.162 [main] DEBUG c.H.service.InvoiceService - Fetching all invoices
2026-06-11 07:10:17.162 [main] INFO  c.H.service.InvoiceService - Retrieved 1 invoices
2026-06-11 07:10:17.168 [main] INFO  c.H.service.InvoiceService - Creating invoice - Patient ID: 1, Amount: null
2026-06-11 07:10:17.170 [main] DEBUG c.H.service.InvoiceService - Looking up patient by ID: 1
2026-06-11 07:10:17.170 [main] DEBUG c.H.service.InvoiceService - Found patient - ID: 1, Name: Priya Nair
2026-06-11 07:10:17.170 [main] DEBUG c.H.service.InvoiceService - Looking up encounter by ID: 2
2026-06-11 07:10:17.170 [main] DEBUG c.H.service.InvoiceService - Found encounter - ID: 2
2026-06-11 07:10:17.172 [main] INFO  c.H.service.InvoiceService - Successfully created invoice - ID: 10, Amount: null
2026-06-11 07:10:17.180 [main] INFO  c.H.service.InvoiceService - Deleting invoice - ID: 10
2026-06-11 07:10:17.180 [main] DEBUG c.H.service.InvoiceService - Looking up invoice by ID: 10
2026-06-11 07:10:17.184 [main] DEBUG c.H.service.InvoiceService - Found invoice - ID: 10, Amount: 105.0
2026-06-11 07:10:17.187 [main] INFO  c.H.service.InvoiceService - Successfully deleted invoice - ID: 10
2026-06-11 07:10:17.195 [main] DEBUG c.H.service.InvoiceService - Fetching invoice by ID: 999
2026-06-11 07:10:17.195 [main] DEBUG c.H.service.InvoiceService - Looking up invoice by ID: 999
2026-06-11 07:10:17.222 [main] DEBUG c.H.service.InvoiceService - Fetching invoice by ID: 10
2026-06-11 07:10:17.222 [main] DEBUG c.H.service.InvoiceService - Looking up invoice by ID: 10
2026-06-11 07:10:17.224 [main] DEBUG c.H.service.InvoiceService - Found invoice - ID: 10, Amount: 105.0
2026-06-11 07:10:17.224 [main] INFO  c.H.service.InvoiceService - Retrieved invoice - ID: 10, Amount: 105.0
2026-06-11 07:10:18.378 [main] INFO  c.H.service.LabOrderService - Cancelling lab order - ID: 10
2026-06-11 07:10:18.378 [main] DEBUG c.H.service.LabOrderService - Looking up lab order by ID: 10
2026-06-11 07:10:18.378 [main] DEBUG c.H.service.LabOrderService - Found lab order - ID: 10, Status: RESULTS_REPORTED
2026-06-11 07:10:18.378 [main] WARN  c.H.service.LabOrderService - Attempted to cancel lab order with reported results - ID: 10, Status: RESULTS_REPORTED
2026-06-11 07:10:18.393 [main] INFO  c.H.service.LabOrderService - Creating lab order - Encounter ID: 2
2026-06-11 07:10:18.393 [main] DEBUG c.H.service.LabOrderService - Looking up encounter by ID: 2
2026-06-11 07:10:18.395 [main] DEBUG c.H.service.LabOrderService - Found encounter - ID: 2
2026-06-11 07:10:18.396 [main] INFO  c.H.service.LabOrderService - Successfully created lab order - ID: 10
2026-06-11 07:10:18.414 [main] INFO  c.H.service.LabOrderService - Collecting sample for lab order - ID: 10
2026-06-11 07:10:18.414 [main] DEBUG c.H.service.LabOrderService - Looking up lab order by ID: 10
2026-06-11 07:10:18.414 [main] DEBUG c.H.service.LabOrderService - Found lab order - ID: 10, Status: ORDERED
2026-06-11 07:10:18.416 [main] INFO  c.H.service.LabOrderService - Successfully collected sample for lab order - ID: 10
2026-06-11 07:10:18.434 [main] DEBUG c.H.service.LabOrderService - Fetching all lab orders
2026-06-11 07:10:18.434 [main] INFO  c.H.service.LabOrderService - Retrieved 1 lab orders
2026-06-11 07:10:18.442 [main] INFO  c.H.service.LabOrderService - Updating lab order - ID: 10
2026-06-11 07:10:18.443 [main] DEBUG c.H.service.LabOrderService - Looking up lab order by ID: 10
2026-06-11 07:10:18.443 [main] DEBUG c.H.service.LabOrderService - Found lab order - ID: 10, Status: ORDERED
2026-06-11 07:10:18.443 [main] INFO  c.H.service.LabOrderService - Successfully updated lab order - ID: 10
2026-06-11 07:10:18.456 [main] DEBUG c.H.service.LabOrderService - Fetching lab order by ID: 10
2026-06-11 07:10:18.456 [main] DEBUG c.H.service.LabOrderService - Looking up lab order by ID: 10
2026-06-11 07:10:18.456 [main] DEBUG c.H.service.LabOrderService - Found lab order - ID: 10, Status: ORDERED
2026-06-11 07:10:18.458 [main] INFO  c.H.service.LabOrderService - Retrieved lab order - ID: 10, Status: ORDERED
2026-06-11 07:10:18.476 [main] INFO  c.H.service.LabOrderService - Updating lab order - ID: 10
2026-06-11 07:10:18.478 [main] DEBUG c.H.service.LabOrderService - Looking up lab order by ID: 10
2026-06-11 07:10:18.478 [main] DEBUG c.H.service.LabOrderService - Found lab order - ID: 10, Status: COLLECTED
2026-06-11 07:10:18.478 [main] WARN  c.H.service.LabOrderService - Attempted to update lab order not in ORDERED status - ID: 10, Status: COLLECTED
2026-06-11 07:10:18.492 [main] INFO  c.H.service.LabOrderService - Cancelling lab order - ID: 10
2026-06-11 07:10:18.494 [main] DEBUG c.H.service.LabOrderService - Looking up lab order by ID: 10
2026-06-11 07:10:18.494 [main] DEBUG c.H.service.LabOrderService - Found lab order - ID: 10, Status: ORDERED
2026-06-11 07:10:18.495 [main] INFO  c.H.service.LabOrderService - Successfully cancelled lab order - ID: 10
2026-06-11 07:10:18.527 [main] DEBUG c.H.service.LabResultService - Fetching lab result by ID: 999
2026-06-11 07:10:18.527 [main] DEBUG c.H.service.LabResultService - Looking up lab result by ID: 999
2026-06-11 07:10:18.555 [main] DEBUG c.H.service.LabResultService - Fetching all lab results
2026-06-11 07:10:18.562 [main] INFO  c.H.service.LabResultService - Retrieved 1 lab results
2026-06-11 07:10:18.597 [main] INFO  c.H.service.LabResultService - Deleting lab result - ID: 100
2026-06-11 07:10:18.597 [main] DEBUG c.H.service.LabResultService - Looking up lab result by ID: 100
2026-06-11 07:10:18.600 [main] DEBUG c.H.service.LabResultService - Found lab result - ID: 100, Test: WBC
2026-06-11 07:10:18.601 [main] DEBUG c.H.service.LabResultService - Updating lab order status - Order ID: 10
2026-06-11 07:10:18.601 [main] DEBUG c.H.service.LabResultService - Set lab order status to COLLECTED (no results)
2026-06-11 07:10:18.601 [main] INFO  c.H.service.LabResultService - Successfully deleted lab result - ID: 100
2026-06-11 07:10:18.618 [main] INFO  c.H.service.LabResultService - Creating lab result - Order ID: 10, Test: WBC
2026-06-11 07:10:18.618 [main] DEBUG c.H.service.LabResultService - Looking up lab order by ID: 10
2026-06-11 07:10:18.619 [main] DEBUG c.H.service.LabResultService - Found lab order - ID: 10, Status: COLLECTED
2026-06-11 07:10:18.622 [main] DEBUG c.H.service.LabResultService - Updating lab order status - Order ID: 10
2026-06-11 07:10:18.622 [main] DEBUG c.H.service.LabResultService - Updated lab order status to RESULTS_REPORTED - Critical: false
2026-06-11 07:10:18.622 [main] INFO  c.H.service.LabResultService - Successfully created lab result - ID: 100
2026-06-11 07:10:18.630 [main] DEBUG c.H.service.LabResultService - Fetching lab result by ID: 100
2026-06-11 07:10:18.630 [main] DEBUG c.H.service.LabResultService - Looking up lab result by ID: 100
2026-06-11 07:10:18.630 [main] DEBUG c.H.service.LabResultService - Found lab result - ID: 100, Test: WBC
2026-06-11 07:10:18.630 [main] INFO  c.H.service.LabResultService - Retrieved lab result - ID: 100, Test: WBC
2026-06-11 07:10:18.637 [main] INFO  c.H.service.LabResultService - Creating lab result - Order ID: 10, Test: WBC
2026-06-11 07:10:18.637 [main] DEBUG c.H.service.LabResultService - Looking up lab order by ID: 10
2026-06-11 07:10:18.639 [main] DEBUG c.H.service.LabResultService - Found lab order - ID: 10, Status: COLLECTED
2026-06-11 07:10:18.639 [main] DEBUG c.H.service.LabResultService - Updating lab order status - Order ID: 10
2026-06-11 07:10:18.640 [main] DEBUG c.H.service.LabResultService - Updated lab order status to CRITICAL_REPORTED - Critical: true
2026-06-11 07:10:18.640 [main] INFO  c.H.service.LabResultService - Successfully created lab result - ID: 101
2026-06-11 07:10:18.652 [main] DEBUG c.H.service.MedicationMasterService - Fetching medications - Search: null
2026-06-11 07:10:18.664 [main] INFO  c.H.service.MedicationMasterService - Retrieved 1 medications
2026-06-11 07:10:18.674 [main] DEBUG c.H.service.MedicationMasterService - Fetching medications - Search: Para
2026-06-11 07:10:18.674 [main] INFO  c.H.service.MedicationMasterService - Retrieved 1 medications
2026-06-11 07:10:18.683 [main] INFO  c.H.service.MedicationMasterService - Creating medication - Code: MED001, Name: Paracetamol
2026-06-11 07:10:18.684 [main] INFO  c.H.service.MedicationMasterService - Successfully created medication - ID: 1, Code: MED001
2026-06-11 07:10:18.691 [main] INFO  c.H.service.MedicationMasterService - Deactivating medication - ID: 1
2026-06-11 07:10:18.692 [main] DEBUG c.H.service.MedicationMasterService - Looking up medication by ID: 1
2026-06-11 07:10:18.692 [main] DEBUG c.H.service.MedicationMasterService - Found medication - ID: 1, Name: Paracetamol
2026-06-11 07:10:18.693 [main] INFO  c.H.service.MedicationMasterService - Successfully deactivated medication - ID: 1
2026-06-11 07:10:18.700 [main] INFO  c.H.service.MedicationMasterService - Updating medication - ID: 1
2026-06-11 07:10:18.700 [main] DEBUG c.H.service.MedicationMasterService - Looking up medication by ID: 1
2026-06-11 07:10:18.700 [main] DEBUG c.H.service.MedicationMasterService - Found medication - ID: 1, Name: Paracetamol
2026-06-11 07:10:18.701 [main] INFO  c.H.service.MedicationMasterService - Successfully updated medication - ID: 1
2026-06-11 07:10:18.711 [main] DEBUG c.H.service.MedicationMasterService - Fetching medication by ID: 1
2026-06-11 07:10:18.711 [main] DEBUG c.H.service.MedicationMasterService - Looking up medication by ID: 1
2026-06-11 07:10:18.711 [main] DEBUG c.H.service.MedicationMasterService - Found medication - ID: 1, Name: Paracetamol
2026-06-11 07:10:18.711 [main] INFO  c.H.service.MedicationMasterService - Retrieved medication - ID: 1, Name: Paracetamol
2026-06-11 07:10:18.720 [main] INFO  c.H.service.MedicationMasterService - Creating medication - Code: MED001, Name: Paracetamol
2026-06-11 07:10:18.722 [main] WARN  c.H.service.MedicationMasterService - Attempted to create medication with existing code: MED001
2026-06-11 07:10:18.765 [main] DEBUG c.H.service.PatientService - Fetching patient with ID: 1
2026-06-11 07:10:18.765 [main] DEBUG c.H.service.PatientService - Looking up patient by ID: 1
2026-06-11 07:10:18.766 [main] DEBUG c.H.service.PatientService - Found patient - ID: 1, MRN: MRN-ABC12345
2026-06-11 07:10:18.767 [main] INFO  c.H.service.PatientService - Retrieved patient - ID: 1, MRN: MRN-ABC12345
2026-06-11 07:10:18.778 [main] INFO  c.H.service.PatientService - Starting patient registration - Name: Jane Doe
2026-06-11 07:10:18.780 [main] INFO  c.H.service.PatientService - Successfully registered patient - ID: 2, MRN: MRN-1BC16AEC
2026-06-11 07:10:18.787 [main] DEBUG c.H.service.PatientService - Fetching patient with ID: 999
2026-06-11 07:10:18.787 [main] DEBUG c.H.service.PatientService - Looking up patient by ID: 999
2026-06-11 07:10:18.794 [main] DEBUG c.H.service.PatientService - Fetching patient with MRN: MRN-NOTFOUND
2026-06-11 07:10:18.802 [main] DEBUG c.H.service.PatientService - Fetching all patients from registry
2026-06-11 07:10:18.802 [main] INFO  c.H.service.PatientService - Retrieved 1 patients from registry
2026-06-11 07:10:18.812 [main] INFO  c.H.service.PatientService - Starting patient update - ID: 1
2026-06-11 07:10:18.812 [main] DEBUG c.H.service.PatientService - Looking up patient by ID: 1
2026-06-11 07:10:18.812 [main] DEBUG c.H.service.PatientService - Found patient - ID: 1, MRN: MRN-ABC12345
2026-06-11 07:10:18.814 [main] INFO  c.H.service.PatientService - Successfully updated patient - ID: 1, MRN: MRN-ABC12345
2026-06-11 07:10:18.822 [main] DEBUG c.H.service.PatientService - Fetching patient with MRN: MRN-ABC12345
2026-06-11 07:10:18.824 [main] INFO  c.H.service.PatientService - Retrieved patient - MRN: MRN-ABC12345, Name: Jane Doe
2026-06-11 07:10:18.836 [main] INFO  c.H.service.PatientService - Starting patient deactivation - ID: 1
2026-06-11 07:10:18.838 [main] DEBUG c.H.service.PatientService - Looking up patient by ID: 1
2026-06-11 07:10:18.838 [main] DEBUG c.H.service.PatientService - Found patient - ID: 1, MRN: MRN-ABC12345
2026-06-11 07:10:18.838 [main] INFO  c.H.service.PatientService - Successfully deactivated patient - ID: 1, MRN: MRN-ABC12345
2026-06-11 07:10:19.034 [main] INFO  c.H.service.PaymentService - Recording manual payment | InvoiceId: 10, PatientId: 1, Amount: 200.0
2026-06-11 07:10:19.035 [main] DEBUG c.H.service.PaymentService - Looking up patient | PatientId: 1
2026-06-11 07:10:19.035 [main] WARN  c.H.service.PaymentService - Attempted payment on already PAID invoice | InvoiceId: 10
2026-06-11 07:10:19.043 [main] DEBUG c.H.service.PaymentService - Fetching payment by Id: 999
2026-06-11 07:10:19.043 [main] DEBUG c.H.service.PaymentService - Looking up payment | PaymentId: 999
2026-06-11 07:10:19.043 [main] ERROR c.H.service.PaymentService - Payment not found | PaymentId: 999
2026-06-11 07:10:19.053 [main] INFO  c.H.service.PaymentService - Recording manual payment | InvoiceId: 10, PatientId: 1, Amount: 200.0
2026-06-11 07:10:19.053 [main] DEBUG c.H.service.PaymentService - Looking up patient | PatientId: 1
2026-06-11 07:10:19.054 [main] DEBUG c.H.service.PaymentService - Updating invoice status | InvoiceId: 10
2026-06-11 07:10:19.054 [main] DEBUG c.H.service.PaymentService - Invoice status updated | InvoiceId: 10, Status: PARTIALLY_PAID
2026-06-11 07:10:19.056 [main] INFO  c.H.service.PaymentService - Payment recorded successfully | PaymentId: 50, InvoiceId: 10
2026-06-11 07:10:19.068 [main] INFO  c.H.service.PaymentService - Recording manual payment | InvoiceId: 10, PatientId: 1, Amount: -50.0
2026-06-11 07:10:19.068 [main] DEBUG c.H.service.PaymentService - Looking up patient | PatientId: 1
2026-06-11 07:10:19.068 [main] WARN  c.H.service.PaymentService - Invalid payment amount: -50.0
2026-06-11 07:10:19.082 [main] INFO  c.H.service.PaymentService - Recording manual payment | InvoiceId: 10, PatientId: 1, Amount: 500.0
2026-06-11 07:10:19.082 [main] DEBUG c.H.service.PaymentService - Looking up patient | PatientId: 1
2026-06-11 07:10:19.083 [main] DEBUG c.H.service.PaymentService - Updating invoice status | InvoiceId: 10
2026-06-11 07:10:19.084 [main] DEBUG c.H.service.PaymentService - Invoice status updated | InvoiceId: 10, Status: PAID
2026-06-11 07:10:19.084 [main] INFO  c.H.service.PaymentService - Payment recorded successfully | PaymentId: 50, InvoiceId: 10
2026-06-11 07:10:19.094 [main] DEBUG c.H.service.PaymentService - Fetching all payments
2026-06-11 07:10:19.094 [main] INFO  c.H.service.PaymentService - Total payments retrieved: 1
2026-06-11 07:10:19.103 [main] INFO  c.H.service.PaymentService - Recording manual payment | InvoiceId: 10, PatientId: 1, Amount: 200.0
2026-06-11 07:10:19.104 [main] DEBUG c.H.service.PaymentService - Looking up patient | PatientId: 1
2026-06-11 07:10:19.106 [main] WARN  c.H.service.PaymentService - Patient mismatch | InvoicePatientId: 1, PaymentPatientId: 2
2026-06-11 07:10:19.116 [main] DEBUG c.H.service.PaymentService - Fetching payment by Id: 50
2026-06-11 07:10:19.123 [main] DEBUG c.H.service.PaymentService - Looking up payment | PaymentId: 50
2026-06-11 07:10:19.124 [main] INFO  c.H.service.PaymentService - Payment found | PaymentId: 50, Amount: 200.0
2026-06-11 07:10:19.836 [main] INFO  c.H.service.PharmacyService - Dispensing prescription - Prescription ID: 10, Quantity: 30
2026-06-11 07:10:19.840 [main] DEBUG c.H.service.PharmacyService - Looking up prescription by ID: 10
2026-06-11 07:10:19.840 [main] DEBUG c.H.service.PharmacyService - Found prescription - ID: 10, Status: ISSUED
2026-06-11 07:10:19.840 [main] DEBUG c.H.service.PharmacyService - Looking up user by ID: 20
2026-06-11 07:10:19.840 [main] DEBUG c.H.service.PharmacyService - Found user - ID: 20, Username: null
2026-06-11 07:10:19.840 [main] DEBUG c.H.service.PharmacyService - Validating dispense - Prescription ID: 10, Item ID: 100, Quantity: 30
2026-06-11 07:10:19.840 [main] WARN  c.H.service.PharmacyService - Dispense quantity exceeds prescription quantity - Requested: 30, Prescribed: 20
2026-06-11 07:10:19.849 [main] DEBUG c.H.service.PharmacyService - Fetching all dispense records
2026-06-11 07:10:19.851 [main] INFO  c.H.service.PharmacyService - Retrieved 1 dispense records
2026-06-11 07:10:19.857 [main] INFO  c.H.service.PharmacyService - Processing dispense return - Dispense ID: 200, Return Quantity: 10
2026-06-11 07:10:19.857 [main] DEBUG c.H.service.PharmacyService - Looking up dispense record by ID: 200
2026-06-11 07:10:19.858 [main] DEBUG c.H.service.PharmacyService - Found dispense record - ID: 200, Status: DISPENSED
2026-06-11 07:10:19.859 [main] INFO  c.H.service.PharmacyService - Successfully processed dispense return - Dispense ID: 200, Status: RETURNED
2026-06-11 07:10:19.865 [main] INFO  c.H.service.PharmacyService - Dispensing prescription - Prescription ID: 10, Quantity: 10
2026-06-11 07:10:19.865 [main] DEBUG c.H.service.PharmacyService - Looking up prescription by ID: 10
2026-06-11 07:10:19.866 [main] DEBUG c.H.service.PharmacyService - Found prescription - ID: 10, Status: ISSUED
2026-06-11 07:10:19.866 [main] DEBUG c.H.service.PharmacyService - Looking up user by ID: 20
2026-06-11 07:10:19.866 [main] DEBUG c.H.service.PharmacyService - Found user - ID: 20, Username: null
2026-06-11 07:10:19.866 [main] DEBUG c.H.service.PharmacyService - Validating dispense - Prescription ID: 10, Item ID: 100, Quantity: 10
2026-06-11 07:10:19.866 [main] DEBUG c.H.service.PharmacyService - Dispense validation passed
2026-06-11 07:10:19.866 [main] INFO  c.H.service.PharmacyService - Successfully dispensed prescription - Dispense ID: 200, Prescription ID: 10
2026-06-11 07:10:19.883 [main] INFO  c.H.service.PharmacyService - Dispensing prescription - Prescription ID: 10, Quantity: 10
2026-06-11 07:10:19.884 [main] DEBUG c.H.service.PharmacyService - Looking up prescription by ID: 10
2026-06-11 07:10:19.884 [main] DEBUG c.H.service.PharmacyService - Found prescription - ID: 10, Status: DRAFT
2026-06-11 07:10:19.884 [main] DEBUG c.H.service.PharmacyService - Looking up user by ID: 20
2026-06-11 07:10:19.884 [main] DEBUG c.H.service.PharmacyService - Found user - ID: 20, Username: null
2026-06-11 07:10:19.885 [main] DEBUG c.H.service.PharmacyService - Validating dispense - Prescription ID: 10, Item ID: 100, Quantity: 10
2026-06-11 07:10:19.885 [main] WARN  c.H.service.PharmacyService - Prescription not in issued status - ID: 10, Status: DRAFT
2026-06-11 07:10:19.903 [main] INFO  c.H.service.PrescriptionService - Creating prescription for PatientID=1, EncounterID=1
2026-06-11 07:10:19.918 [main] INFO  c.H.service.PrescriptionService - Creating prescription for PatientID=1, EncounterID=1
2026-06-11 07:10:19.932 [main] INFO  c.H.service.PrescriptionService - Updating prescription RxID=1, NewStatus=ISSUED
2026-06-11 07:10:19.939 [main] DEBUG c.H.service.PrescriptionService - Fetching all prescriptions
2026-06-11 07:10:19.946 [main] DEBUG c.H.service.PrescriptionService - Fetching prescription with ID: 1
2026-06-11 07:10:19.958 [main] DEBUG c.H.service.PrescriptionService - Fetching prescription with ID: 1
2026-06-11 07:10:19.968 [main] INFO  c.H.service.PrescriptionService - Creating prescription for PatientID=1, EncounterID=1
2026-06-11 07:10:19.979 [main] INFO  c.H.service.PrescriptionService - Creating prescription for PatientID=1, EncounterID=1
2026-06-11 07:10:19.986 [main] DEBUG c.H.service.PrescriptionService - Fetching prescription with ID: 999
2026-06-11 07:10:19.996 [main] INFO  c.H.service.PrescriptionService - Deleting prescription RxID=1
2026-06-11 07:10:20.010 [main] INFO  c.H.service.PrescriptionService - Creating prescription for PatientID=1, EncounterID=1
2026-06-11 07:10:20.018 [main] DEBUG c.H.service.PrescriptionService - Fetching all prescriptions
2026-06-11 07:10:20.026 [main] INFO  c.H.service.PrescriptionService - Updating prescription RxID=1, NewStatus=ISSUED
2026-06-11 07:10:20.034 [main] INFO  c.H.service.PrescriptionService - Deleting prescription RxID=999
2026-06-11 07:10:20.195 [main] INFO  c.H.service.ReportService - Creating new report - Scope: OPD
2026-06-11 07:10:20.210 [main] DEBUG c.H.service.ReportService - Fetching report with ID: 10
2026-06-11 07:10:20.212 [main] INFO  c.H.service.ReportService - Retrieved report - ID: 10, Scope: OPD
2026-06-11 07:10:20.218 [main] DEBUG c.H.service.ReportService - Fetching all reports
2026-06-11 07:10:20.218 [main] INFO  c.H.service.ReportService - Retrieved 1 reports
2026-06-11 07:10:20.232 [main] INFO  c.H.service.ReportService - Updating report - ReportID: 10, NewScope: OPD
2026-06-11 07:10:20.247 [main] DEBUG c.H.service.ReportService - Fetching report with ID: 999
